<html>
<body>
<pre>
<h1>µVision Build Log</h1>
<h2>Project:</h2>
E:\Workspaces\Google_Drive\Google Drive\Workshop\MTS\Project\scanner\MDK-ARM\scanner.uvproj
Project File Date:  06/24/2013

<h2>Output:</h2>
Build Project 'scanner' - Target 'STM32F4 flash'
compiling system_stm32f4xx.c...
compiling stm32f4xx_it.c...
compiling main.c...
compiling common.c...
compiling enc_1.c...
compiling enc_2.c...
compiling sensor.c...
compiling sensor_header.c...
compiling paper_feeder.c...
linking...
..\..\..\Temp\Out\scanner.axf: error: L6007U: Could not recognize the format of file ..\..\..\temp\out\startup_stm32f4xx.o.
Target not created
Load "..\\..\\..\\Temp\\Out\\scanner.axf" 
_____^
*** error 56: cannot open file
Load "..\\..\\..\\Temp\\Out\\scanner.axf" 
_____^
*** error 56: cannot open file
Rebuild Project 'scanner' - Target 'STM32F4 flash'
assembling startup_stm32f4xx.s...
compiling system_stm32f4xx.c...
compiling stm32f4xx_it.c...
compiling main.c...
compiling common.c...
compiling stm32f4_discovery.c...
compiling stm32f4xx_rcc.c...
compiling misc.c...
compiling stm32f4xx_gpio.c...
compiling stm32f4xx_syscfg.c...
compiling stm32f4xx_exti.c...
compiling stm32f4xx_tim.c...
compiling stm32f4xx_adc.c...
compiling stm32f4xx_dma.c...
compiling enc_1.c...
compiling enc_2.c...
compiling sensor.c...
compiling sensor_header.c...
compiling paper_feeder.c...
compiling buttons.c...
linking...
Program Size: Code=2492 RO-data=464 RW-data=44 ZI-data=1636  
"..\..\..\Temp\Out\scanner.axf" - 0 Error(s), 0 Warning(s).
Load "..\\..\\..\\Temp\\Out\\scanner.axf" 
Erase Done.
Programming Done.
Verify OK.
Rebuild Project 'scanner' - Target 'STM32F4 flash'
assembling startup_stm32f4xx.s...
compiling system_stm32f4xx.c...
compiling stm32f4xx_it.c...
compiling main.c...
compiling common.c...
compiling stm32f4_discovery.c...
compiling stm32f4xx_rcc.c...
compiling misc.c...
compiling stm32f4xx_gpio.c...
compiling stm32f4xx_syscfg.c...
compiling stm32f4xx_exti.c...
compiling stm32f4xx_tim.c...
compiling stm32f4xx_adc.c...
compiling stm32f4xx_dma.c...
compiling enc_1.c...
compiling enc_2.c...
compiling sensor.c...
compiling sensor_header.c...
compiling paper_feeder.c...
compiling buttons.c...
linking...
Program Size: Code=2488 RO-data=464 RW-data=44 ZI-data=1636  
"..\..\..\Temp\Out\scanner.axf" - 0 Error(s), 0 Warning(s).
Load "..\\..\\..\\Temp\\Out\\scanner.axf" 
Erase Done.
Programming Done.
Verify OK.
Rebuild Project 'scanner' - Target 'STM32F4 flash'
assembling startup_stm32f4xx.s...
compiling system_stm32f4xx.c...
compiling stm32f4xx_it.c...
compiling main.c...
compiling common.c...
compiling stm32f4_discovery.c...
compiling stm32f4xx_rcc.c...
compiling misc.c...
compiling stm32f4xx_gpio.c...
compiling stm32f4xx_syscfg.c...
compiling stm32f4xx_exti.c...
compiling stm32f4xx_tim.c...
compiling stm32f4xx_adc.c...
compiling stm32f4xx_dma.c...
compiling enc_1.c...
compiling enc_2.c...
compiling sensor.c...
compiling sensor_header.c...
compiling paper_feeder.c...
compiling buttons.c...
linking...
Program Size: Code=5840 RO-data=476 RW-data=56 ZI-data=1888  
"..\..\..\Temp\Out\scanner.axf" - 0 Error(s), 0 Warning(s).
Load "..\\..\\..\\Temp\\Out\\scanner.axf" 
Erase Done.
Programming Done.
Verify OK.
Rebuild Project 'scanner' - Target 'STM32F4 flash'
assembling startup_stm32f4xx.s...
compiling system_stm32f4xx.c...
compiling stm32f4xx_it.c...
compiling main.c...
compiling common.c...
compiling stm32f4_discovery.c...
compiling stm32f4xx_rcc.c...
compiling misc.c...
compiling stm32f4xx_gpio.c...
compiling stm32f4xx_syscfg.c...
compiling stm32f4xx_exti.c...
compiling stm32f4xx_tim.c...
compiling stm32f4xx_adc.c...
compiling stm32f4xx_dma.c...
compiling enc_1.c...
compiling enc_2.c...
compiling sensor.c...
compiling sensor_header.c...
compiling paper_feeder.c...
compiling buttons.c...
linking...
Program Size: Code=5620 RO-data=476 RW-data=52 ZI-data=1884  
"..\..\..\Temp\Out\scanner.axf" - 0 Error(s), 0 Warning(s).
Load "..\\..\\..\\Temp\\Out\\scanner.axf" 
Erase Done.
Programming Done.
Verify OK.
Rebuild Project 'scanner' - Target 'STM32F4 flash'
assembling startup_stm32f4xx.s...
compiling system_stm32f4xx.c...
compiling stm32f4xx_it.c...
compiling main.c...
compiling common.c...
compiling stm32f4_discovery.c...
compiling stm32f4xx_rcc.c...
compiling misc.c...
compiling stm32f4xx_gpio.c...
compiling stm32f4xx_syscfg.c...
compiling stm32f4xx_exti.c...
compiling stm32f4xx_tim.c...
compiling stm32f4xx_adc.c...
compiling stm32f4xx_dma.c...
compiling enc_1.c...
compiling enc_2.c...
compiling sensor.c...
compiling sensor_header.c...
compiling paper_feeder.c...
compiling buttons.c...
linking...
Program Size: Code=2328 RO-data=464 RW-data=40 ZI-data=1632  
"..\..\..\Temp\Out\scanner.axf" - 0 Error(s), 0 Warning(s).
Load "..\\..\\..\\Temp\\Out\\scanner.axf" 
Erase Done.
Programming Done.
Verify OK.
Rebuild Project 'scanner' - Target 'STM32F4 flash'
assembling startup_stm32f4xx.s...
compiling system_stm32f4xx.c...
compiling stm32f4xx_it.c...
compiling main.c...
E:\Workspaces\Google_Drive\Google Drive\Workshop\MTS\Project\scanner\main.c(56): warning:  #223-D: function "ADC_GetStatus" declared implicitly
compiling common.c...
compiling stm32f4_discovery.c...
compiling stm32f4xx_rcc.c...
compiling misc.c...
compiling stm32f4xx_gpio.c...
compiling stm32f4xx_syscfg.c...
compiling stm32f4xx_exti.c...
compiling stm32f4xx_tim.c...
compiling stm32f4xx_adc.c...
compiling stm32f4xx_dma.c...
compiling enc_1.c...
compiling enc_2.c...
compiling sensor.c...
compiling sensor_header.c...
compiling paper_feeder.c...
compiling buttons.c...
linking...
..\..\..\Temp\Out\scanner.axf: Error: L6218E: Undefined symbol ADC_GetStatus (referred from main.o).
Target not created
Rebuild Project 'scanner' - Target 'STM32F4 flash'
assembling startup_stm32f4xx.s...
compiling system_stm32f4xx.c...
compiling stm32f4xx_it.c...
compiling main.c...
compiling common.c...
compiling stm32f4_discovery.c...
compiling stm32f4xx_rcc.c...
compiling misc.c...
compiling stm32f4xx_gpio.c...
compiling stm32f4xx_syscfg.c...
compiling stm32f4xx_exti.c...
compiling stm32f4xx_tim.c...
compiling stm32f4xx_adc.c...
compiling stm32f4xx_dma.c...
compiling enc_1.c...
compiling enc_2.c...
compiling sensor.c...
compiling sensor_header.c...
compiling paper_feeder.c...
compiling buttons.c...
linking...
Program Size: Code=2596 RO-data=464 RW-data=40 ZI-data=1648  
"..\..\..\Temp\Out\scanner.axf" - 0 Error(s), 0 Warning(s).
Load "..\\..\\..\\Temp\\Out\\scanner.axf" 
Erase Done.
Programming Done.
Verify OK.
Rebuild Project 'scanner' - Target 'STM32F4 flash'
assembling startup_stm32f4xx.s...
compiling system_stm32f4xx.c...
compiling stm32f4xx_it.c...
compiling main.c...
compiling common.c...
compiling stm32f4_discovery.c...
compiling stm32f4xx_rcc.c...
compiling misc.c...
compiling stm32f4xx_gpio.c...
compiling stm32f4xx_syscfg.c...
compiling stm32f4xx_exti.c...
compiling stm32f4xx_tim.c...
compiling stm32f4xx_adc.c...
compiling stm32f4xx_dma.c...
compiling enc_1.c...
compiling enc_2.c...
compiling sensor.c...
compiling sensor_header.c...
compiling paper_feeder.c...
compiling buttons.c...
linking...
Program Size: Code=2652 RO-data=464 RW-data=44 ZI-data=1644  
"..\..\..\Temp\Out\scanner.axf" - 0 Error(s), 0 Warning(s).
Load "..\\..\\..\\Temp\\Out\\scanner.axf" 
Erase Done.
Programming Done.
Verify OK.
Rebuild Project 'scanner' - Target 'STM32F4 flash'
assembling startup_stm32f4xx.s...
compiling system_stm32f4xx.c...
compiling stm32f4xx_it.c...
compiling main.c...
compiling common.c...
compiling stm32f4_discovery.c...
compiling stm32f4xx_rcc.c...
compiling misc.c...
compiling stm32f4xx_gpio.c...
compiling stm32f4xx_syscfg.c...
compiling stm32f4xx_exti.c...
compiling stm32f4xx_tim.c...
compiling stm32f4xx_adc.c...
compiling stm32f4xx_dma.c...
compiling enc_1.c...
compiling enc_2.c...
compiling sensor.c...
compiling sensor_header.c...
compiling paper_feeder.c...
compiling buttons.c...
linking...
..\..\..\Temp\Out\scanner.axf: error: L6002U: Could not open file ..\..\..\temp\out\system_stm32f4xx.o: No such file or directory
Target not created
Load "..\\..\\..\\Temp\\Out\\scanner.axf" 
_____^
*** error 56: cannot open file
Rebuild Project 'scanner' - Target 'STM32F4 flash'
assembling startup_stm32f4xx.s...
compiling system_stm32f4xx.c...
compiling stm32f4xx_it.c...
compiling main.c...
compiling common.c...
compiling stm32f4_discovery.c...
compiling stm32f4xx_rcc.c...
compiling misc.c...
compiling stm32f4xx_gpio.c...
compiling stm32f4xx_syscfg.c...
compiling stm32f4xx_exti.c...
compiling stm32f4xx_tim.c...
compiling stm32f4xx_adc.c...
compiling stm32f4xx_dma.c...
compiling enc_1.c...
compiling enc_2.c...
compiling sensor.c...
compiling sensor_header.c...
compiling paper_feeder.c...
compiling buttons.c...
linking...
Program Size: Code=2652 RO-data=464 RW-data=44 ZI-data=1644  
"..\..\..\Temp\Out\scanner.axf" - 0 Error(s), 0 Warning(s).
Load "..\\..\\..\\Temp\\Out\\scanner.axf" 
Erase Done.
Programming Done.
Verify OK.
Rebuild Project 'scanner' - Target 'STM32F4 flash'
assembling startup_stm32f4xx.s...
compiling system_stm32f4xx.c...
compiling stm32f4xx_it.c...
compiling main.c...
compiling common.c...
compiling stm32f4_discovery.c...
compiling stm32f4xx_rcc.c...
compiling misc.c...
compiling stm32f4xx_gpio.c...
compiling stm32f4xx_syscfg.c...
compiling stm32f4xx_exti.c...
compiling stm32f4xx_tim.c...
compiling stm32f4xx_adc.c...
compiling stm32f4xx_dma.c...
compiling enc_1.c...
compiling enc_2.c...
compiling sensor.c...
compiling sensor_header.c...
compiling paper_feeder.c...
compiling buttons.c...
linking...
Program Size: Code=2652 RO-data=464 RW-data=44 ZI-data=1644  
"..\..\..\Temp\Out\scanner.axf" - 0 Error(s), 0 Warning(s).
Load "..\\..\\..\\Temp\\Out\\scanner.axf" 
Erase Done.
Programming Done.
Verify OK.
Build Project 'scanner' - Target 'STM32F4 flash'
compiling sensor.c...
linking...
Program Size: Code=2652 RO-data=464 RW-data=44 ZI-data=1644  
"..\..\..\Temp\Out\scanner.axf" - 0 Error(s), 0 Warning(s).
Load "..\\..\\..\\Temp\\Out\\scanner.axf" 
Erase Done.
Programming Done.
Verify OK.
Build Project 'scanner' - Target 'STM32F4 flash'
compiling sensor.c...
linking...
Program Size: Code=2652 RO-data=464 RW-data=44 ZI-data=1644  
"..\..\..\Temp\Out\scanner.axf" - 0 Error(s), 0 Warning(s).
Load "..\\..\\..\\Temp\\Out\\scanner.axf" 
Erase Done.
Programming Done.
Verify OK.
Rebuild Project 'scanner' - Target 'STM32F4 flash'
assembling startup_stm32f4xx.s...
compiling system_stm32f4xx.c...
compiling stm32f4xx_it.c...
compiling main.c...
compiling common.c...
compiling stm32f4_discovery.c...
compiling stm32f4xx_rcc.c...
compiling misc.c...
compiling stm32f4xx_gpio.c...
compiling stm32f4xx_syscfg.c...
compiling stm32f4xx_exti.c...
compiling stm32f4xx_tim.c...
compiling stm32f4xx_adc.c...
compiling stm32f4xx_dma.c...
compiling enc_1.c...
compiling enc_2.c...
compiling sensor.c...
compiling sensor_header.c...
compiling paper_feeder.c...
compiling buttons.c...
linking...
Program Size: Code=2632 RO-data=464 RW-data=52 ZI-data=1636  
"..\..\..\Temp\Out\scanner.axf" - 0 Error(s), 0 Warning(s).
Build Project 'scanner' - Target 'STM32F4 flash'
compiling sensor.c...
linking...
Program Size: Code=2632 RO-data=464 RW-data=52 ZI-data=1636  
"..\..\..\Temp\Out\scanner.axf" - 0 Error(s), 0 Warning(s).
Load "..\\..\\..\\Temp\\Out\\scanner.axf" 
Erase Done.
Programming Done.
Verify OK.
Build Project 'scanner' - Target 'STM32F4 flash'
compiling sensor.c...
linking...
Program Size: Code=2640 RO-data=464 RW-data=52 ZI-data=1636  
"..\..\..\Temp\Out\scanner.axf" - 0 Error(s), 0 Warning(s).
Load "..\\..\\..\\Temp\\Out\\scanner.axf" 
Erase Done.
Programming Done.
Verify OK.
Build Project 'scanner' - Target 'STM32F4 flash'
compiling sensor.c...
linking...
Program Size: Code=2640 RO-data=464 RW-data=44 ZI-data=1644  
"..\..\..\Temp\Out\scanner.axf" - 0 Error(s), 0 Warning(s).
Load "..\\..\\..\\Temp\\Out\\scanner.axf" 
Erase Done.
Programming Done.
Verify OK.
Build Project 'scanner' - Target 'STM32F4 flash'
compiling sensor.c...
linking...
Program Size: Code=2656 RO-data=464 RW-data=44 ZI-data=1644  
"..\..\..\Temp\Out\scanner.axf" - 0 Error(s), 0 Warning(s).
Load "..\\..\\..\\Temp\\Out\\scanner.axf" 
Erase Done.
Programming Done.
Verify OK.
Build Project 'scanner' - Target 'STM32F4 flash'
compiling sensor.c...
linking...
Program Size: Code=2408 RO-data=464 RW-data=44 ZI-data=1636  
"..\..\..\Temp\Out\scanner.axf" - 0 Error(s), 0 Warning(s).
Load "..\\..\\..\\Temp\\Out\\scanner.axf" 
Erase Done.
Programming Done.
Verify OK.
Build Project 'scanner' - Target 'STM32F4 flash'
compiling sensor.c...
linking...
Program Size: Code=2356 RO-data=464 RW-data=44 ZI-data=1636  
"..\..\..\Temp\Out\scanner.axf" - 0 Error(s), 0 Warning(s).
Load "..\\..\\..\\Temp\\Out\\scanner.axf" 
Erase Done.
Programming Done.
Verify OK.
Build Project 'scanner' - Target 'STM32F4 flash'
compiling sensor.c...
linking...
Program Size: Code=2348 RO-data=464 RW-data=44 ZI-data=1636  
"..\..\..\Temp\Out\scanner.axf" - 0 Error(s), 0 Warning(s).
Load "..\\..\\..\\Temp\\Out\\scanner.axf" 
Erase Done.
Programming Done.
Verify OK.
Build Project 'scanner' - Target 'STM32F4 flash'
compiling sensor.c...
linking...
Program Size: Code=2344 RO-data=464 RW-data=44 ZI-data=1636  
"..\..\..\Temp\Out\scanner.axf" - 0 Error(s), 0 Warning(s).
Load "..\\..\\..\\Temp\\Out\\scanner.axf" 
Erase Done.
Programming Done.
Verify OK.
Rebuild Project 'scanner' - Target 'STM32F4 flash'
assembling startup_stm32f4xx.s...
compiling system_stm32f4xx.c...
compiling stm32f4xx_it.c...
E:\Workspaces\Google_Drive\Google Drive\Workshop\MTS\Utilities\Startup\stm32f4xx_it.c(188): error:  #20: identifier "SENSOR_A_VoltValue" is undefined
E:\Workspaces\Google_Drive\Google Drive\Workshop\MTS\Utilities\Startup\stm32f4xx_it.c(188): error:  #20: identifier "SENSOR_B_VoltValue" is undefined
E:\Workspaces\Google_Drive\Google Drive\Workshop\MTS\Utilities\Startup\stm32f4xx_it.c(191): warning:  #68-D: integer conversion resulted in a change of sign
compiling main.c...
compiling common.c...
compiling stm32f4_discovery.c...
compiling stm32f4xx_rcc.c...
compiling misc.c...
compiling stm32f4xx_gpio.c...
compiling stm32f4xx_syscfg.c...
compiling stm32f4xx_exti.c...
compiling stm32f4xx_tim.c...
compiling stm32f4xx_adc.c...
compiling stm32f4xx_dma.c...
compiling enc_1.c...
compiling enc_2.c...
compiling sensor.c...
compiling sensor_header.c...
compiling paper_feeder.c...
compiling buttons.c...
Target not created
Load "..\\..\\..\\Temp\\Out\\scanner.axf" 
_____^
*** error 56: cannot open file
Rebuild Project 'scanner' - Target 'STM32F4 flash'
assembling startup_stm32f4xx.s...
compiling system_stm32f4xx.c...
compiling stm32f4xx_it.c...
E:\Workspaces\Google_Drive\Google Drive\Workshop\MTS\Utilities\Startup\stm32f4xx_it.c(188): error:  #20: identifier "SENSOR_A_VoltValue" is undefined
E:\Workspaces\Google_Drive\Google Drive\Workshop\MTS\Utilities\Startup\stm32f4xx_it.c(188): error:  #20: identifier "SENSOR_B_VoltValue" is undefined
E:\Workspaces\Google_Drive\Google Drive\Workshop\MTS\Utilities\Startup\stm32f4xx_it.c(191): warning:  #68-D: integer conversion resulted in a change of sign
compiling main.c...
compiling common.c...
compiling stm32f4_discovery.c...
compiling stm32f4xx_rcc.c...
compiling misc.c...
compiling stm32f4xx_gpio.c...
compiling stm32f4xx_syscfg.c...
compiling stm32f4xx_exti.c...
compiling stm32f4xx_tim.c...
compiling stm32f4xx_adc.c...
compiling stm32f4xx_dma.c...
compiling enc_1.c...
compiling enc_2.c...
compiling sensor.c...
compiling sensor_header.c...
compiling paper_feeder.c...
compiling buttons.c...
Target not created
Load "..\\..\\..\\Temp\\Out\\scanner.axf" 
_____^
*** error 56: cannot open file
Rebuild Project 'scanner' - Target 'STM32F4 flash'
assembling startup_stm32f4xx.s...
compiling system_stm32f4xx.c...
compiling stm32f4xx_it.c...
E:\Workspaces\Google_Drive\Google Drive\Workshop\MTS\Utilities\Startup\stm32f4xx_it.c(188): error:  #20: identifier "SENSOR_A_VoltValue" is undefined
E:\Workspaces\Google_Drive\Google Drive\Workshop\MTS\Utilities\Startup\stm32f4xx_it.c(188): error:  #20: identifier "SENSOR_B_VoltValue" is undefined
E:\Workspaces\Google_Drive\Google Drive\Workshop\MTS\Utilities\Startup\stm32f4xx_it.c(191): warning:  #68-D: integer conversion resulted in a change of sign
compiling main.c...
compiling common.c...
compiling stm32f4_discovery.c...
compiling stm32f4xx_rcc.c...
compiling misc.c...
compiling stm32f4xx_gpio.c...
compiling stm32f4xx_syscfg.c...
compiling stm32f4xx_exti.c...
compiling stm32f4xx_tim.c...
compiling stm32f4xx_adc.c...
compiling stm32f4xx_dma.c...
compiling enc_1.c...
compiling enc_2.c...
compiling sensor.c...
compiling sensor_header.c...
compiling paper_feeder.c...
compiling buttons.c...
Target not created
Build Project 'scanner' - Target 'STM32F4 flash'
compiling stm32f4xx_it.c...
E:\Workspaces\Google_Drive\Google Drive\Workshop\MTS\Utilities\Startup\stm32f4xx_it.c(195): warning:  #68-D: integer conversion resulted in a change of sign
compiling sensor.c...
linking...
Program Size: Code=2432 RO-data=464 RW-data=44 ZI-data=1636  
"..\..\..\Temp\Out\scanner.axf" - 0 Error(s), 1 Warning(s).
Build Project 'scanner' - Target 'STM32F4 flash'
compiling stm32f4xx_it.c...
linking...
Program Size: Code=2432 RO-data=464 RW-data=44 ZI-data=1636  
"..\..\..\Temp\Out\scanner.axf" - 0 Error(s), 0 Warning(s).
Load "..\\..\\..\\Temp\\Out\\scanner.axf" 
Erase Done.
Programming Done.
Verify OK.
Build Project 'scanner' - Target 'STM32F4 flash'
compiling sensor.c...
E:\Workspaces\Google_Drive\Google Drive\Workshop\MTS\Modules\src\sensor.c(91): error:  #65: expected a ";"
Target not created
Build Project 'scanner' - Target 'STM32F4 flash'
compiling sensor.c...
linking...
Program Size: Code=2480 RO-data=464 RW-data=44 ZI-data=1636  
"..\..\..\Temp\Out\scanner.axf" - 0 Error(s), 0 Warning(s).
Load "..\\..\\..\\Temp\\Out\\scanner.axf" 
Erase Done.
Programming Done.
Verify OK.
Build Project 'scanner' - Target 'STM32F4 flash'
compiling sensor.c...
linking...
Program Size: Code=2480 RO-data=464 RW-data=44 ZI-data=1636  
"..\..\..\Temp\Out\scanner.axf" - 0 Error(s), 0 Warning(s).
Load "..\\..\\..\\Temp\\Out\\scanner.axf" 
Erase Done.
Programming Done.
Verify OK.
Build Project 'scanner' - Target 'STM32F4 flash'
compiling sensor.c...
linking...
Program Size: Code=2488 RO-data=464 RW-data=44 ZI-data=1636  
"..\..\..\Temp\Out\scanner.axf" - 0 Error(s), 0 Warning(s).
Load "..\\..\\..\\Temp\\Out\\scanner.axf" 
Erase Done.
Programming Done.
Verify OK.
Build Project 'scanner' - Target 'STM32F4 flash'
compiling sensor.c...
linking...
Program Size: Code=2540 RO-data=464 RW-data=44 ZI-data=1636  
"..\..\..\Temp\Out\scanner.axf" - 0 Error(s), 0 Warning(s).
Load "..\\..\\..\\Temp\\Out\\scanner.axf" 
Erase Done.
Programming Done.
Verify OK.
Build Project 'scanner' - Target 'STM32F4 flash'
compiling sensor.c...
linking...
Program Size: Code=2540 RO-data=464 RW-data=52 ZI-data=1636  
"..\..\..\Temp\Out\scanner.axf" - 0 Error(s), 0 Warning(s).
Load "..\\..\\..\\Temp\\Out\\scanner.axf" 
Erase Done.
Programming Done.
Verify OK.
Build Project 'scanner' - Target 'STM32F4 flash'
compiling sensor.c...
linking...
Program Size: Code=2756 RO-data=464 RW-data=52 ZI-data=1636  
"..\..\..\Temp\Out\scanner.axf" - 0 Error(s), 0 Warning(s).
Load "..\\..\\..\\Temp\\Out\\scanner.axf" 
Erase Done.
Programming Done.
Verify OK.
Build Project 'scanner' - Target 'STM32F4 flash'
compiling sensor.c...
linking...
Program Size: Code=2756 RO-data=464 RW-data=52 ZI-data=1636  
"..\..\..\Temp\Out\scanner.axf" - 0 Error(s), 0 Warning(s).
Load "..\\..\\..\\Temp\\Out\\scanner.axf" 
Erase Done.
Programming Done.
Verify OK.
Build Project 'scanner' - Target 'STM32F4 flash'
compiling sensor.c...
linking...
Program Size: Code=2756 RO-data=464 RW-data=48 ZI-data=1632  
"..\..\..\Temp\Out\scanner.axf" - 0 Error(s), 0 Warning(s).
Load "..\\..\\..\\Temp\\Out\\scanner.axf" 
Erase Done.
Programming Done.
Verify OK.
Rebuild Project 'scanner' - Target 'STM32F4 flash'
assembling startup_stm32f4xx.s...
compiling system_stm32f4xx.c...
compiling stm32f4xx_it.c...
compiling main.c...
compiling common.c...
compiling stm32f4_discovery.c...
compiling stm32f4xx_rcc.c...
compiling misc.c...
compiling stm32f4xx_gpio.c...
compiling stm32f4xx_syscfg.c...
compiling stm32f4xx_exti.c...
compiling stm32f4xx_tim.c...
compiling stm32f4xx_adc.c...
compiling stm32f4xx_dma.c...
compiling enc_1.c...
compiling enc_2.c...
compiling sensor.c...
compiling sensor_header.c...
compiling paper_feeder.c...
compiling buttons.c...
linking...
Program Size: Code=2816 RO-data=464 RW-data=48 ZI-data=1632  
"..\..\..\Temp\Out\scanner.axf" - 0 Error(s), 0 Warning(s).
Load "..\\..\\..\\Temp\\Out\\scanner.axf" 
Erase Done.
Programming Done.
Verify OK.
Rebuild Project 'scanner' - Target 'STM32F4 flash'
assembling startup_stm32f4xx.s...
compiling system_stm32f4xx.c...
compiling stm32f4xx_it.c...
compiling main.c...
compiling common.c...
compiling stm32f4_discovery.c...
compiling stm32f4xx_rcc.c...
compiling misc.c...
compiling stm32f4xx_gpio.c...
compiling stm32f4xx_syscfg.c...
compiling stm32f4xx_exti.c...
compiling stm32f4xx_tim.c...
compiling stm32f4xx_adc.c...
compiling stm32f4xx_dma.c...
compiling enc_1.c...
compiling enc_2.c...
compiling sensor.c...
compiling sensor_header.c...
compiling paper_feeder.c...
compiling buttons.c...
linking...
Program Size: Code=2908 RO-data=464 RW-data=48 ZI-data=1632  
"..\..\..\Temp\Out\scanner.axf" - 0 Error(s), 0 Warning(s).
Load "..\\..\\..\\Temp\\Out\\scanner.axf" 
Erase Done.
Programming Done.
Verify OK.
Rebuild Project 'scanner' - Target 'STM32F4 flash'
assembling startup_stm32f4xx.s...
compiling system_stm32f4xx.c...
compiling stm32f4xx_it.c...
compiling main.c...
compiling common.c...
compiling stm32f4_discovery.c...
compiling stm32f4xx_rcc.c...
compiling misc.c...
compiling stm32f4xx_gpio.c...
compiling stm32f4xx_syscfg.c...
compiling stm32f4xx_exti.c...
compiling stm32f4xx_tim.c...
compiling stm32f4xx_adc.c...
compiling stm32f4xx_dma.c...
compiling enc_1.c...
compiling enc_2.c...
compiling sensor.c...
compiling sensor_header.c...
compiling paper_feeder.c...
compiling buttons.c...
linking...
Program Size: Code=2936 RO-data=464 RW-data=48 ZI-data=1632  
"..\..\..\Temp\Out\scanner.axf" - 0 Error(s), 0 Warning(s).
Load "..\\..\\..\\Temp\\Out\\scanner.axf" 
Erase Done.
Programming Done.
Verify OK.
Build Project 'scanner' - Target 'STM32F4 flash'
compiling stm32f4xx_it.c...
Project build/rebuild aborted.
Target not created
Rebuild Project 'scanner' - Target 'STM32F4 flash'
assembling startup_stm32f4xx.s...
compiling system_stm32f4xx.c...
compiling stm32f4xx_it.c...
compiling main.c...
compiling common.c...
compiling stm32f4_discovery.c...
compiling stm32f4xx_rcc.c...
compiling misc.c...
compiling stm32f4xx_gpio.c...
compiling stm32f4xx_syscfg.c...
compiling stm32f4xx_exti.c...
compiling stm32f4xx_tim.c...
compiling stm32f4xx_adc.c...
compiling stm32f4xx_dma.c...
compiling enc_1.c...
compiling enc_2.c...
compiling sensor.c...
compiling sensor_header.c...
compiling paper_feeder.c...
compiling buttons.c...
linking...
Program Size: Code=3004 RO-data=464 RW-data=48 ZI-data=1632  
"..\..\..\Temp\Out\scanner.axf" - 0 Error(s), 0 Warning(s).
Load "..\\..\\..\\Temp\\Out\\scanner.axf" 
Erase Done.
Programming Done.
Verify OK.
