<html>
<body>
<pre>
<h1>µVision Build Log</h1>
<h2>Project:</h2>
E:\Workspaces\Google_Drive\Google Drive\Workshop\MTS\Project\scanner\MDK-ARM\scanner.uvproj
Project File Date:  06/19/2013

<h2>Output:</h2>
Rebuild Project 'scanner' - Target 'STM32F4 flash'
assembling startup_stm32f4xx.s...
compiling system_stm32f4xx.c...
compiling stm32f4xx_it.c...
compiling main.c...
compiling common.c...
compiling stm32f4_discovery.c...
compiling stm32f4xx_rcc.c...
compiling misc.c...
compiling stm32f4xx_gpio.c...
compiling stm32f4xx_syscfg.c...
compiling stm32f4xx_exti.c...
compiling stm32f4xx_tim.c...
compiling enc_1.c...
compiling enc_1_it.c...
compiling enc_2.c...
compiling enc_2_it.c...
compiling paper_feed.c...
compiling paper_feed_it.c...
compiling sensor.c...
E:\Workspaces\Google_Drive\Google Drive\Workshop\MTS\Modules\src\sensor.c(102): warning:  #1-D: last line of file ends without a newline
compiling sensor_header.c...
compiling sensor_header_it.c...
compiling sensor_it.c...
linking...
..\..\..\Temp\Out\scanner.axf: Error: L6218E: Undefined symbol ADC_Cmd (referred from sensor.o).
..\..\..\Temp\Out\scanner.axf: Error: L6218E: Undefined symbol ADC_CommonInit (referred from sensor.o).
..\..\..\Temp\Out\scanner.axf: Error: L6218E: Undefined symbol ADC_DMACmd (referred from sensor.o).
..\..\..\Temp\Out\scanner.axf: Error: L6218E: Undefined symbol ADC_Init (referred from sensor.o).
..\..\..\Temp\Out\scanner.axf: Error: L6218E: Undefined symbol ADC_MultiModeDMARequestAfterLastTransferCmd (referred from sensor.o).
..\..\..\Temp\Out\scanner.axf: Error: L6218E: Undefined symbol ADC_RegularChannelConfig (referred from sensor.o).
..\..\..\Temp\Out\scanner.axf: Error: L6218E: Undefined symbol ADC_SoftwareStartConv (referred from sensor.o).
..\..\..\Temp\Out\scanner.axf: Error: L6218E: Undefined symbol DMA_Cmd (referred from sensor.o).
..\..\..\Temp\Out\scanner.axf: Error: L6218E: Undefined symbol DMA_Init (referred from sensor.o).
Target not created
Rebuild Project 'scanner' - Target 'STM32F4 flash'
assembling startup_stm32f4xx.s...
compiling system_stm32f4xx.c...
compiling stm32f4xx_it.c...
compiling main.c...
compiling common.c...
compiling stm32f4_discovery.c...
compiling stm32f4xx_rcc.c...
compiling misc.c...
compiling stm32f4xx_gpio.c...
compiling stm32f4xx_syscfg.c...
compiling stm32f4xx_exti.c...
compiling stm32f4xx_tim.c...
compiling stm32f4xx_adc.c...
compiling stm32f4xx_dma.c...
compiling enc_1.c...
compiling enc_1_it.c...
compiling enc_2.c...
compiling enc_2_it.c...
compiling paper_feed.c...
compiling paper_feed_it.c...
compiling sensor.c...
compiling sensor_header.c...
compiling sensor_header_it.c...
compiling sensor_it.c...
linking...
Program Size: Code=2672 RO-data=464 RW-data=72 ZI-data=1632  
"..\..\..\Temp\Out\scanner.axf" - 0 Error(s), 0 Warning(s).
Rebuild Project 'scanner' - Target 'STM32F4 flash'
assembling startup_stm32f4xx.s...
compiling system_stm32f4xx.c...
compiling stm32f4xx_it.c...
compiling main.c...
compiling common.c...
compiling stm32f4_discovery.c...
compiling stm32f4xx_rcc.c...
compiling misc.c...
compiling stm32f4xx_gpio.c...
compiling stm32f4xx_syscfg.c...
compiling stm32f4xx_exti.c...
compiling stm32f4xx_tim.c...
compiling stm32f4xx_adc.c...
compiling stm32f4xx_dma.c...
compiling enc_1.c...
compiling enc_1_it.c...
compiling enc_2.c...
compiling enc_2_it.c...
compiling paper_feed.c...
compiling paper_feed_it.c...
compiling sensor.c...
compiling sensor_header.c...
compiling sensor_header_it.c...
compiling sensor_it.c...
linking...
Program Size: Code=2572 RO-data=464 RW-data=48 ZI-data=1632  
"..\..\..\Temp\Out\scanner.axf" - 0 Error(s), 0 Warning(s).
Load "..\\..\\..\\Temp\\Out\\scanner.axf" 
Erase Done.
Programming Done.
Verify OK.
Rebuild Project 'scanner' - Target 'STM32F4 flash'
assembling startup_stm32f4xx.s...
compiling system_stm32f4xx.c...
compiling stm32f4xx_it.c...
compiling main.c...
E:\Workspaces\Google_Drive\Google Drive\Workshop\MTS\Project\scanner\main.c(41): error:  #20: identifier "uini32_t" is undefined
E:\Workspaces\Google_Drive\Google Drive\Workshop\MTS\Project\scanner\main.c(71): error:  #20: identifier "ADC3ConvertedValue" is undefined
compiling common.c...
compiling stm32f4_discovery.c...
compiling stm32f4xx_rcc.c...
compiling misc.c...
compiling stm32f4xx_gpio.c...
compiling stm32f4xx_syscfg.c...
compiling stm32f4xx_exti.c...
compiling stm32f4xx_tim.c...
compiling stm32f4xx_adc.c...
compiling stm32f4xx_dma.c...
compiling enc_1.c...
compiling enc_1_it.c...
compiling enc_2.c...
compiling enc_2_it.c...
compiling paper_feed.c...
compiling paper_feed_it.c...
compiling sensor.c...
E:\Workspaces\Google_Drive\Google Drive\Workshop\MTS\Modules\src\sensor.c(23): error:  #20: identifier "ADC3_DR_ADDRESS" is undefined
E:\Workspaces\Google_Drive\Google Drive\Workshop\MTS\Modules\src\sensor.c(24): error:  #20: identifier "ADC3ConvertedValue" is undefined
compiling sensor_header.c...
compiling sensor_header_it.c...
compiling sensor_it.c...
Target not created
Rebuild Project 'scanner' - Target 'STM32F4 flash'
assembling startup_stm32f4xx.s...
compiling system_stm32f4xx.c...
compiling stm32f4xx_it.c...
compiling main.c...
compiling common.c...
compiling stm32f4_discovery.c...
compiling stm32f4xx_rcc.c...
compiling misc.c...
compiling stm32f4xx_gpio.c...
compiling stm32f4xx_syscfg.c...
compiling stm32f4xx_exti.c...
compiling stm32f4xx_tim.c...
compiling stm32f4xx_adc.c...
compiling stm32f4xx_dma.c...
compiling enc_1.c...
compiling enc_1_it.c...
compiling enc_2.c...
compiling enc_2_it.c...
compiling paper_feed.c...
compiling paper_feed_it.c...
compiling sensor.c...
E:\Workspaces\Google_Drive\Google Drive\Workshop\MTS\Modules\inc\sensor.h(8): error:  #20: identifier "__IO" is undefined
E:\Workspaces\Google_Drive\Google Drive\Workshop\MTS\Modules\inc\sensor.h(8): error:  #65: expected a ";"
E:\Workspaces\Google_Drive\Google Drive\Workshop\MTS\Modules\inc\sensor.h(9): error:  #20: identifier "__IO" is undefined
E:\Workspaces\Google_Drive\Google Drive\Workshop\MTS\Modules\inc\sensor.h(9): error:  #65: expected a ";"
d:\Keil\ARM\ARMCC\include\stdint.h(45): error:  #101: "uint16_t" has already been declared in the current scope
d:\Keil\ARM\ARMCC\include\stdint.h(46): error:  #101: "uint32_t" has already been declared in the current scope
compiling sensor_header.c...
compiling sensor_header_it.c...
compiling sensor_it.c...
Target not created
Rebuild Project 'scanner' - Target 'STM32F4 flash'
assembling startup_stm32f4xx.s...
compiling system_stm32f4xx.c...
compiling stm32f4xx_it.c...
compiling main.c...
E:\Workspaces\Google_Drive\Google Drive\Workshop\MTS\Project\scanner\main.c(38): error:  #147: declaration is incompatible with "uint16_t ADC3ConvertedValue" (declared at line 8 of "..\..\..\Modules\inc\sensor.h")
E:\Workspaces\Google_Drive\Google Drive\Workshop\MTS\Project\scanner\main.c(39): error:  #147: declaration is incompatible with "uint32_t ADC3ConvertedVoltage" (declared at line 9 of "..\..\..\Modules\inc\sensor.h")
compiling common.c...
compiling stm32f4_discovery.c...
compiling stm32f4xx_rcc.c...
compiling misc.c...
compiling stm32f4xx_gpio.c...
compiling stm32f4xx_syscfg.c...
compiling stm32f4xx_exti.c...
compiling stm32f4xx_tim.c...
compiling stm32f4xx_adc.c...
compiling stm32f4xx_dma.c...
compiling enc_1.c...
compiling enc_1_it.c...
compiling enc_2.c...
compiling enc_2_it.c...
compiling paper_feed.c...
compiling paper_feed_it.c...
compiling sensor.c...
E:\Workspaces\Google_Drive\Google Drive\Workshop\MTS\Modules\inc\sensor.h(8): error:  #20: identifier "uint16_t" is undefined
E:\Workspaces\Google_Drive\Google Drive\Workshop\MTS\Modules\inc\sensor.h(9): error:  #20: identifier "uint32_t" is undefined
compiling sensor_header.c...
compiling sensor_header_it.c...
compiling sensor_it.c...
Target not created
Rebuild Project 'scanner' - Target 'STM32F4 flash'
assembling startup_stm32f4xx.s...
compiling system_stm32f4xx.c...
compiling stm32f4xx_it.c...
compiling main.c...
compiling common.c...
compiling stm32f4_discovery.c...
compiling stm32f4xx_rcc.c...
compiling misc.c...
compiling stm32f4xx_gpio.c...
compiling stm32f4xx_syscfg.c...
compiling stm32f4xx_exti.c...
compiling stm32f4xx_tim.c...
compiling stm32f4xx_adc.c...
compiling stm32f4xx_dma.c...
compiling enc_1.c...
compiling enc_1_it.c...
compiling enc_2.c...
compiling enc_2_it.c...
compiling paper_feed.c...
compiling paper_feed_it.c...
compiling sensor.c...
compiling sensor_header.c...
compiling sensor_header_it.c...
compiling sensor_it.c...
linking...
..\..\..\Temp\Out\scanner.axf: Error: L6218E: Undefined symbol KeyPressed (referred from enc_1_it.o).
Target not created
Rebuild Project 'scanner' - Target 'STM32F4 flash'
assembling startup_stm32f4xx.s...
compiling system_stm32f4xx.c...
compiling stm32f4xx_it.c...
compiling main.c...
compiling common.c...
compiling stm32f4_discovery.c...
compiling stm32f4xx_rcc.c...
compiling misc.c...
compiling stm32f4xx_gpio.c...
compiling stm32f4xx_syscfg.c...
compiling stm32f4xx_exti.c...
compiling stm32f4xx_tim.c...
compiling stm32f4xx_adc.c...
compiling stm32f4xx_dma.c...
compiling enc_1.c...
compiling enc_1_it.c...
compiling enc_2.c...
compiling enc_2_it.c...
compiling paper_feed.c...
compiling paper_feed_it.c...
compiling sensor.c...
compiling sensor_header.c...
compiling sensor_header_it.c...
compiling sensor_it.c...
linking...
..\..\..\Temp\Out\scanner.axf: Error: L6218E: Undefined symbol KeyPressed (referred from enc_1_it.o).
Target not created
Rebuild Project 'scanner' - Target 'STM32F4 flash'
assembling startup_stm32f4xx.s...
compiling system_stm32f4xx.c...
compiling stm32f4xx_it.c...
compiling main.c...
compiling common.c...
compiling stm32f4_discovery.c...
compiling stm32f4xx_rcc.c...
compiling misc.c...
compiling stm32f4xx_gpio.c...
compiling stm32f4xx_syscfg.c...
compiling stm32f4xx_exti.c...
compiling stm32f4xx_tim.c...
compiling stm32f4xx_adc.c...
compiling stm32f4xx_dma.c...
compiling enc_1.c...
compiling enc_1_it.c...
compiling enc_2.c...
compiling enc_2_it.c...
compiling paper_feed.c...
compiling paper_feed_it.c...
compiling sensor.c...
compiling sensor_header.c...
compiling sensor_header_it.c...
compiling sensor_it.c...
linking...
Program Size: Code=2504 RO-data=464 RW-data=48 ZI-data=1632  
"..\..\..\Temp\Out\scanner.axf" - 0 Error(s), 0 Warning(s).
Load "..\\..\\..\\Temp\\Out\\scanner.axf" 
Erase Done.
Programming Done.
Verify OK.
Rebuild Project 'scanner' - Target 'STM32F4 flash'
assembling startup_stm32f4xx.s...
compiling system_stm32f4xx.c...
compiling stm32f4xx_it.c...
compiling main.c...
compiling common.c...
compiling stm32f4_discovery.c...
compiling stm32f4xx_rcc.c...
compiling misc.c...
compiling stm32f4xx_gpio.c...
compiling stm32f4xx_syscfg.c...
compiling stm32f4xx_exti.c...
compiling stm32f4xx_tim.c...
compiling stm32f4xx_adc.c...
compiling stm32f4xx_dma.c...
compiling enc_1.c...
compiling enc_1_it.c...
compiling enc_2.c...
compiling enc_2_it.c...
compiling paper_feed.c...
compiling paper_feed_it.c...
compiling sensor.c...
E:\Workspaces\Google_Drive\Google Drive\Workshop\MTS\Modules\src\sensor.c(103): error:  #20: identifier "GPIO_AF_ADC3" is undefined
E:\Workspaces\Google_Drive\Google Drive\Workshop\MTS\Modules\src\sensor.c(104): error:  #20: identifier "GPIO_AF_ADC4" is undefined
compiling sensor_header.c...
compiling sensor_header_it.c...
compiling sensor_it.c...
Target not created
Rebuild Project 'scanner' - Target 'STM32F4 flash'
assembling startup_stm32f4xx.s...
compiling system_stm32f4xx.c...
compiling stm32f4xx_it.c...
compiling main.c...
compiling common.c...
compiling stm32f4_discovery.c...
compiling stm32f4xx_rcc.c...
compiling misc.c...
compiling stm32f4xx_gpio.c...
compiling stm32f4xx_syscfg.c...
compiling stm32f4xx_exti.c...
compiling stm32f4xx_tim.c...
compiling stm32f4xx_adc.c...
compiling stm32f4xx_dma.c...
compiling enc_1.c...
compiling enc_1_it.c...
compiling enc_2.c...
compiling enc_2_it.c...
compiling paper_feed.c...
compiling paper_feed_it.c...
compiling sensor.c...
compiling sensor_header.c...
compiling sensor_header_it.c...
compiling sensor_it.c...
linking...
Program Size: Code=2584 RO-data=464 RW-data=48 ZI-data=1632  
"..\..\..\Temp\Out\scanner.axf" - 0 Error(s), 0 Warning(s).
Load "..\\..\\..\\Temp\\Out\\scanner.axf" 
Load "..\\..\\..\\Temp\\Out\\scanner.axf" 
Erase Done.
Programming Done.
Verify OK.
Rebuild Project 'scanner' - Target 'STM32F4 flash'
assembling startup_stm32f4xx.s...
compiling system_stm32f4xx.c...
compiling stm32f4xx_it.c...
compiling main.c...
compiling common.c...
compiling stm32f4_discovery.c...
compiling stm32f4xx_rcc.c...
compiling misc.c...
compiling stm32f4xx_gpio.c...
compiling stm32f4xx_syscfg.c...
compiling stm32f4xx_exti.c...
compiling stm32f4xx_tim.c...
compiling stm32f4xx_adc.c...
compiling stm32f4xx_dma.c...
compiling enc_1.c...
compiling enc_1_it.c...
compiling enc_2.c...
compiling enc_2_it.c...
compiling paper_feed.c...
compiling paper_feed_it.c...
compiling sensor.c...
compiling sensor_header.c...
compiling sensor_header_it.c...
compiling sensor_it.c...
linking...
Program Size: Code=2584 RO-data=464 RW-data=48 ZI-data=1632  
"..\..\..\Temp\Out\scanner.axf" - 0 Error(s), 0 Warning(s).
Load "..\\..\\..\\Temp\\Out\\scanner.axf" 
Erase Done.
Programming Done.
Verify OK.
Rebuild Project 'scanner' - Target 'STM32F4 flash'
assembling startup_stm32f4xx.s...
compiling system_stm32f4xx.c...
compiling stm32f4xx_it.c...
compiling main.c...
compiling common.c...
compiling stm32f4_discovery.c...
compiling stm32f4xx_rcc.c...
compiling misc.c...
compiling stm32f4xx_gpio.c...
compiling stm32f4xx_syscfg.c...
compiling stm32f4xx_exti.c...
compiling stm32f4xx_tim.c...
compiling stm32f4xx_adc.c...
compiling stm32f4xx_dma.c...
compiling enc_1.c...
compiling enc_1_it.c...
compiling enc_2.c...
compiling enc_2_it.c...
compiling paper_feed.c...
compiling paper_feed_it.c...
compiling sensor.c...
compiling sensor_header.c...
compiling sensor_header_it.c...
compiling sensor_it.c...
linking...
Program Size: Code=2584 RO-data=464 RW-data=48 ZI-data=1632  
"..\..\..\Temp\Out\scanner.axf" - 0 Error(s), 0 Warning(s).
Load "..\\..\\..\\Temp\\Out\\scanner.axf" 
Erase Done.
Programming Done.
Verify OK.
Rebuild Project 'scanner' - Target 'STM32F4 flash'
assembling startup_stm32f4xx.s...
compiling system_stm32f4xx.c...
compiling stm32f4xx_it.c...
compiling main.c...
compiling common.c...
compiling stm32f4_discovery.c...
compiling stm32f4xx_rcc.c...
compiling misc.c...
compiling stm32f4xx_gpio.c...
compiling stm32f4xx_syscfg.c...
compiling stm32f4xx_exti.c...
compiling stm32f4xx_tim.c...
compiling stm32f4xx_adc.c...
compiling stm32f4xx_dma.c...
compiling enc_1.c...
compiling enc_1_it.c...
compiling enc_2.c...
compiling enc_2_it.c...
compiling paper_feed.c...
compiling paper_feed_it.c...
compiling sensor.c...
compiling sensor_header.c...
compiling sensor_header_it.c...
compiling sensor_it.c...
linking...
Program Size: Code=2596 RO-data=464 RW-data=48 ZI-data=1632  
"..\..\..\Temp\Out\scanner.axf" - 0 Error(s), 0 Warning(s).
Load "..\\..\\..\\Temp\\Out\\scanner.axf" 
Erase Done.
Programming Done.
Verify OK.
Rebuild Project 'scanner' - Target 'STM32F4 flash'
assembling startup_stm32f4xx.s...
compiling system_stm32f4xx.c...
compiling stm32f4xx_it.c...
compiling main.c...
compiling common.c...
compiling stm32f4_discovery.c...
compiling stm32f4xx_rcc.c...
compiling misc.c...
compiling stm32f4xx_gpio.c...
compiling stm32f4xx_syscfg.c...
compiling stm32f4xx_exti.c...
compiling stm32f4xx_tim.c...
compiling stm32f4xx_adc.c...
compiling stm32f4xx_dma.c...
compiling enc_1.c...
compiling enc_1_it.c...
compiling enc_2.c...
compiling enc_2_it.c...
compiling paper_feed.c...
compiling paper_feed_it.c...
compiling sensor.c...
compiling sensor_header.c...
compiling sensor_header_it.c...
compiling sensor_it.c...
linking...
Program Size: Code=2596 RO-data=464 RW-data=48 ZI-data=1632  
"..\..\..\Temp\Out\scanner.axf" - 0 Error(s), 0 Warning(s).
Load "..\\..\\..\\Temp\\Out\\scanner.axf" 
Erase Done.
Programming Done.
Verify OK.
Rebuild Project 'scanner' - Target 'STM32F4 flash'
assembling startup_stm32f4xx.s...
compiling system_stm32f4xx.c...
compiling stm32f4xx_it.c...
compiling main.c...
compiling common.c...
compiling stm32f4_discovery.c...
compiling stm32f4xx_rcc.c...
compiling misc.c...
compiling stm32f4xx_gpio.c...
compiling stm32f4xx_syscfg.c...
compiling stm32f4xx_exti.c...
compiling stm32f4xx_tim.c...
compiling stm32f4xx_adc.c...
compiling stm32f4xx_dma.c...
compiling enc_1.c...
compiling enc_1_it.c...
compiling enc_2.c...
compiling enc_2_it.c...
compiling paper_feed.c...
compiling paper_feed_it.c...
compiling sensor.c...
compiling sensor_header.c...
compiling sensor_header_it.c...
compiling sensor_it.c...
linking...
Program Size: Code=2484 RO-data=464 RW-data=48 ZI-data=1632  
"..\..\..\Temp\Out\scanner.axf" - 0 Error(s), 0 Warning(s).
Load "..\\..\\..\\Temp\\Out\\scanner.axf" 
Erase Done.
Programming Done.
Verify OK.
Rebuild Project 'scanner' - Target 'STM32F4 flash'
assembling startup_stm32f4xx.s...
compiling system_stm32f4xx.c...
compiling stm32f4xx_it.c...
compiling main.c...
compiling common.c...
compiling stm32f4_discovery.c...
compiling stm32f4xx_rcc.c...
compiling misc.c...
compiling stm32f4xx_gpio.c...
compiling stm32f4xx_syscfg.c...
compiling stm32f4xx_exti.c...
compiling stm32f4xx_tim.c...
compiling stm32f4xx_adc.c...
compiling stm32f4xx_dma.c...
compiling enc_1.c...
compiling enc_1_it.c...
compiling enc_2.c...
compiling enc_2_it.c...
compiling paper_feed.c...
compiling paper_feed_it.c...
compiling sensor.c...
compiling sensor_header.c...
compiling sensor_header_it.c...
compiling sensor_it.c...
linking...
Program Size: Code=2472 RO-data=464 RW-data=48 ZI-data=1632  
"..\..\..\Temp\Out\scanner.axf" - 0 Error(s), 0 Warning(s).
Load "..\\..\\..\\Temp\\Out\\scanner.axf" 
Erase Done.
Programming Done.
Verify OK.
Rebuild Project 'scanner' - Target 'STM32F4 flash'
assembling startup_stm32f4xx.s...
compiling system_stm32f4xx.c...
compiling stm32f4xx_it.c...
compiling main.c...
compiling common.c...
compiling stm32f4_discovery.c...
compiling stm32f4xx_rcc.c...
compiling misc.c...
compiling stm32f4xx_gpio.c...
compiling stm32f4xx_syscfg.c...
compiling stm32f4xx_exti.c...
compiling stm32f4xx_tim.c...
compiling stm32f4xx_adc.c...
compiling stm32f4xx_dma.c...
compiling enc_1.c...
compiling enc_1_it.c...
compiling enc_2.c...
compiling enc_2_it.c...
compiling paper_feed.c...
compiling paper_feed_it.c...
compiling sensor.c...
compiling sensor_header.c...
compiling sensor_header_it.c...
compiling sensor_it.c...
linking...
Program Size: Code=2496 RO-data=464 RW-data=48 ZI-data=1632  
"..\..\..\Temp\Out\scanner.axf" - 0 Error(s), 0 Warning(s).
Load "..\\..\\..\\Temp\\Out\\scanner.axf" 
Erase Done.
Programming Done.
Verify OK.
Rebuild Project 'scanner' - Target 'STM32F4 flash'
assembling startup_stm32f4xx.s...
compiling system_stm32f4xx.c...
compiling stm32f4xx_it.c...
compiling main.c...
compiling common.c...
compiling stm32f4_discovery.c...
compiling stm32f4xx_rcc.c...
compiling misc.c...
compiling stm32f4xx_gpio.c...
compiling stm32f4xx_syscfg.c...
compiling stm32f4xx_exti.c...
compiling stm32f4xx_tim.c...
compiling stm32f4xx_adc.c...
compiling stm32f4xx_dma.c...
compiling enc_1.c...
compiling enc_1_it.c...
compiling enc_2.c...
compiling enc_2_it.c...
compiling paper_feed.c...
compiling paper_feed_it.c...
compiling sensor.c...
compiling sensor_header.c...
compiling sensor_header_it.c...
compiling sensor_it.c...
linking...
..\..\..\Temp\Out\scanner.axf: Error: L6218E: Undefined symbol ADC3ConvertedValue (referred from main.o).
Target not created
Load "..\\..\\..\\Temp\\Out\\scanner.axf" 
_____^
*** error 56: cannot open file
Load "..\\..\\..\\Temp\\Out\\scanner.axf" 
_____^
*** error 56: cannot open file
Rebuild Project 'scanner' - Target 'STM32F4 flash'
assembling startup_stm32f4xx.s...
compiling system_stm32f4xx.c...
compiling stm32f4xx_it.c...
compiling main.c...
compiling common.c...
compiling stm32f4_discovery.c...
compiling stm32f4xx_rcc.c...
compiling misc.c...
compiling stm32f4xx_gpio.c...
compiling stm32f4xx_syscfg.c...
compiling stm32f4xx_exti.c...
compiling stm32f4xx_tim.c...
compiling stm32f4xx_adc.c...
compiling stm32f4xx_dma.c...
compiling enc_1.c...
compiling enc_1_it.c...
compiling enc_2.c...
compiling enc_2_it.c...
compiling paper_feed.c...
compiling paper_feed_it.c...
compiling sensor.c...
compiling sensor_header.c...
compiling sensor_header_it.c...
compiling sensor_it.c...
linking...
Program Size: Code=2472 RO-data=464 RW-data=52 ZI-data=1636  
"..\..\..\Temp\Out\scanner.axf" - 0 Error(s), 0 Warning(s).
Load "..\\..\\..\\Temp\\Out\\scanner.axf" 
Erase Done.
Programming Done.
Verify OK.
Build Project 'scanner' - Target 'STM32F4 flash'
compiling sensor.c...
linking...
Program Size: Code=2468 RO-data=464 RW-data=52 ZI-data=1636  
"..\..\..\Temp\Out\scanner.axf" - 0 Error(s), 0 Warning(s).
Rebuild Project 'scanner' - Target 'STM32F4 flash'
assembling startup_stm32f4xx.s...
compiling system_stm32f4xx.c...
compiling stm32f4xx_it.c...
compiling main.c...
compiling common.c...
compiling stm32f4_discovery.c...
compiling stm32f4xx_rcc.c...
compiling misc.c...
compiling stm32f4xx_gpio.c...
compiling stm32f4xx_syscfg.c...
compiling stm32f4xx_exti.c...
compiling stm32f4xx_tim.c...
compiling stm32f4xx_adc.c...
compiling stm32f4xx_dma.c...
compiling enc_1.c...
compiling enc_1_it.c...
compiling enc_2.c...
compiling enc_2_it.c...
compiling paper_feed.c...
compiling paper_feed_it.c...
compiling sensor.c...
compiling sensor_header.c...
compiling sensor_header_it.c...
compiling sensor_it.c...
linking...
Program Size: Code=2468 RO-data=464 RW-data=52 ZI-data=1636  
"..\..\..\Temp\Out\scanner.axf" - 0 Error(s), 0 Warning(s).
Load "..\\..\\..\\Temp\\Out\\scanner.axf" 
Erase Done.
Programming Done.
Verify OK.
Build Project 'scanner' - Target 'STM32F4 flash'
compiling system_stm32f4xx.c...
compiling main.c...
compiling common.c...
compiling stm32f4_discovery.c...
compiling stm32f4xx_rcc.c...
compiling misc.c...
compiling stm32f4xx_gpio.c...
compiling stm32f4xx_syscfg.c...
compiling stm32f4xx_exti.c...
compiling stm32f4xx_tim.c...
compiling stm32f4xx_adc.c...
compiling stm32f4xx_dma.c...
compiling enc_1.c...
compiling enc_1_it.c...
compiling paper_feed.c...
compiling sensor.c...
linking...
Program Size: Code=2908 RO-data=464 RW-data=52 ZI-data=1636  
"..\..\..\Temp\Out\scanner.axf" - 0 Error(s), 0 Warning(s).
Load "..\\..\\..\\Temp\\Out\\scanner.axf" 
Erase Done.
Programming Done.
Verify OK.
Rebuild Project 'scanner' - Target 'STM32F4 flash'
assembling startup_stm32f4xx.s...
compiling system_stm32f4xx.c...
compiling stm32f4xx_it.c...
compiling main.c...
compiling common.c...
compiling stm32f4_discovery.c...
compiling stm32f4xx_rcc.c...
compiling misc.c...
compiling stm32f4xx_gpio.c...
compiling stm32f4xx_syscfg.c...
compiling stm32f4xx_exti.c...
compiling stm32f4xx_tim.c...
compiling stm32f4xx_adc.c...
compiling stm32f4xx_dma.c...
compiling enc_1.c...
compiling enc_1_it.c...
compiling enc_2.c...
compiling enc_2_it.c...
compiling paper_feed.c...
compiling paper_feed_it.c...
compiling sensor.c...
compiling sensor_header.c...
compiling sensor_header_it.c...
compiling sensor_it.c...
linking...
Program Size: Code=2908 RO-data=464 RW-data=52 ZI-data=1636  
"..\..\..\Temp\Out\scanner.axf" - 0 Error(s), 0 Warning(s).
Rebuild Project 'scanner' - Target 'STM32F4 flash'
assembling startup_stm32f4xx.s...
compiling system_stm32f4xx.c...
compiling stm32f4xx_it.c...
compiling main.c...
compiling common.c...
compiling stm32f4_discovery.c...
compiling stm32f4xx_rcc.c...
compiling misc.c...
compiling stm32f4xx_gpio.c...
compiling stm32f4xx_syscfg.c...
compiling stm32f4xx_exti.c...
compiling stm32f4xx_tim.c...
compiling stm32f4xx_adc.c...
compiling stm32f4xx_dma.c...
compiling enc_1.c...
compiling enc_1_it.c...
compiling enc_2.c...
compiling enc_2_it.c...
compiling paper_feed.c...
compiling paper_feed_it.c...
compiling sensor.c...
compiling sensor_header.c...
compiling sensor_header_it.c...
compiling sensor_it.c...
linking...
Program Size: Code=2908 RO-data=464 RW-data=52 ZI-data=1636  
"..\..\..\Temp\Out\scanner.axf" - 0 Error(s), 0 Warning(s).
Load "..\\..\\..\\Temp\\Out\\scanner.axf" 
Erase Done.
Programming Done.
Verify OK.
Rebuild Project 'scanner' - Target 'STM32F4 flash'
assembling startup_stm32f4xx.s...
compiling system_stm32f4xx.c...
compiling stm32f4xx_it.c...
compiling main.c...
compiling common.c...
compiling stm32f4_discovery.c...
compiling stm32f4xx_rcc.c...
compiling misc.c...
compiling stm32f4xx_gpio.c...
compiling stm32f4xx_syscfg.c...
compiling stm32f4xx_exti.c...
compiling stm32f4xx_tim.c...
compiling stm32f4xx_adc.c...
compiling stm32f4xx_dma.c...
compiling enc_1.c...
compiling enc_1_it.c...
compiling enc_2.c...
compiling enc_2_it.c...
compiling paper_feed.c...
compiling paper_feed_it.c...
compiling sensor.c...
compiling sensor_header.c...
compiling sensor_header_it.c...
compiling sensor_it.c...
linking...
Program Size: Code=2908 RO-data=464 RW-data=52 ZI-data=1636  
"..\..\..\Temp\Out\scanner.axf" - 0 Error(s), 0 Warning(s).
Load "..\\..\\..\\Temp\\Out\\scanner.axf" 
Erase Done.
Programming Done.
Verify OK.
Rebuild Project 'scanner' - Target 'STM32F4 flash'
assembling startup_stm32f4xx.s...
compiling system_stm32f4xx.c...
compiling stm32f4xx_it.c...
compiling main.c...
compiling common.c...
compiling stm32f4_discovery.c...
compiling stm32f4xx_rcc.c...
compiling misc.c...
compiling stm32f4xx_gpio.c...
compiling stm32f4xx_syscfg.c...
compiling stm32f4xx_exti.c...
compiling stm32f4xx_tim.c...
compiling stm32f4xx_adc.c...
compiling stm32f4xx_dma.c...
compiling enc_1.c...
compiling enc_1_it.c...
compiling enc_2.c...
compiling enc_2_it.c...
compiling paper_feed.c...
compiling paper_feed_it.c...
compiling sensor.c...
compiling sensor_header.c...
compiling sensor_header_it.c...
compiling sensor_it.c...
linking...
Program Size: Code=2324 RO-data=464 RW-data=76 ZI-data=1636  
"..\..\..\Temp\Out\scanner.axf" - 0 Error(s), 0 Warning(s).
Load "..\\..\\..\\Temp\\Out\\scanner.axf" 
Erase Done.
Programming Done.
Verify OK.
Rebuild Project 'scanner' - Target 'STM32F4 flash'
assembling startup_stm32f4xx.s...
compiling system_stm32f4xx.c...
compiling stm32f4xx_it.c...
compiling main.c...
compiling common.c...
compiling stm32f4_discovery.c...
compiling stm32f4xx_rcc.c...
compiling misc.c...
compiling stm32f4xx_gpio.c...
compiling stm32f4xx_syscfg.c...
compiling stm32f4xx_exti.c...
compiling stm32f4xx_tim.c...
compiling stm32f4xx_adc.c...
compiling stm32f4xx_dma.c...
compiling enc_1.c...
compiling enc_1_it.c...
compiling enc_2.c...
compiling enc_2_it.c...
compiling paper_feed.c...
compiling paper_feed_it.c...
compiling sensor.c...
compiling sensor_header.c...
compiling sensor_header_it.c...
compiling sensor_it.c...
linking...
Program Size: Code=2324 RO-data=464 RW-data=76 ZI-data=1636  
"..\..\..\Temp\Out\scanner.axf" - 0 Error(s), 0 Warning(s).
Load "..\\..\\..\\Temp\\Out\\scanner.axf" 
Erase Done.
Programming Done.
Verify OK.
Rebuild Project 'scanner' - Target 'STM32F4 flash'
assembling startup_stm32f4xx.s...
compiling system_stm32f4xx.c...
compiling stm32f4xx_it.c...
compiling main.c...
compiling common.c...
compiling stm32f4_discovery.c...
compiling stm32f4xx_rcc.c...
compiling misc.c...
compiling stm32f4xx_gpio.c...
compiling stm32f4xx_syscfg.c...
compiling stm32f4xx_exti.c...
compiling stm32f4xx_tim.c...
compiling stm32f4xx_adc.c...
compiling stm32f4xx_dma.c...
compiling enc_1.c...
compiling enc_1_it.c...
compiling enc_2.c...
compiling enc_2_it.c...
compiling paper_feed.c...
compiling paper_feed_it.c...
compiling sensor.c...
compiling sensor_header.c...
compiling sensor_header_it.c...
compiling sensor_it.c...
linking...
Program Size: Code=2392 RO-data=464 RW-data=76 ZI-data=1636  
"..\..\..\Temp\Out\scanner.axf" - 0 Error(s), 0 Warning(s).
Load "..\\..\\..\\Temp\\Out\\scanner.axf" 
Erase Done.
Programming Done.
Verify OK.
Rebuild Project 'scanner' - Target 'STM32F4 flash'
assembling startup_stm32f4xx.s...
compiling system_stm32f4xx.c...
compiling stm32f4xx_it.c...
Project build/rebuild aborted.
Target not created
Rebuild Project 'scanner' - Target 'STM32F4 flash'
assembling startup_stm32f4xx.s...
compiling system_stm32f4xx.c...
compiling stm32f4xx_it.c...
compiling main.c...
compiling common.c...
compiling stm32f4_discovery.c...
compiling stm32f4xx_rcc.c...
compiling misc.c...
compiling stm32f4xx_gpio.c...
compiling stm32f4xx_syscfg.c...
compiling stm32f4xx_exti.c...
compiling stm32f4xx_tim.c...
compiling stm32f4xx_adc.c...
compiling stm32f4xx_dma.c...
compiling enc_1.c...
compiling enc_1_it.c...
compiling enc_2.c...
compiling enc_2_it.c...
compiling paper_feed.c...
compiling paper_feed_it.c...
compiling sensor.c...
compiling sensor_header.c...
compiling sensor_header_it.c...
compiling sensor_it.c...
linking...
Program Size: Code=2168 RO-data=464 RW-data=52 ZI-data=1636  
"..\..\..\Temp\Out\scanner.axf" - 0 Error(s), 0 Warning(s).
Load "..\\..\\..\\Temp\\Out\\scanner.axf" 
Erase Done.
Programming Done.
Verify OK.
Rebuild Project 'scanner' - Target 'STM32F4 flash'
assembling startup_stm32f4xx.s...
compiling system_stm32f4xx.c...
compiling stm32f4xx_it.c...
compiling main.c...
compiling common.c...
E:\Workspaces\Google_Drive\Google Drive\Workshop\MTS\Project\scanner\common.c(6): warning:  #1-D: last line of file ends without a newline
compiling stm32f4_discovery.c...
compiling stm32f4xx_rcc.c...
compiling misc.c...
compiling stm32f4xx_gpio.c...
compiling stm32f4xx_syscfg.c...
compiling stm32f4xx_exti.c...
compiling stm32f4xx_tim.c...
compiling stm32f4xx_adc.c...
compiling stm32f4xx_dma.c...
compiling enc_1.c...
compiling enc_1_it.c...
compiling enc_2.c...
compiling enc_2_it.c...
compiling paper_feed.c...
compiling paper_feed_it.c...
compiling sensor.c...
compiling sensor_header.c...
compiling sensor_header_it.c...
compiling sensor_it.c...
linking...
Program Size: Code=2108 RO-data=464 RW-data=48 ZI-data=1632  
"..\..\..\Temp\Out\scanner.axf" - 0 Error(s), 1 Warning(s).
Rebuild Project 'scanner' - Target 'STM32F4 flash'
assembling startup_stm32f4xx.s...
compiling system_stm32f4xx.c...
compiling stm32f4xx_it.c...
compiling main.c...
compiling common.c...
E:\Workspaces\Google_Drive\Google Drive\Workshop\MTS\Project\scanner\common.c(1): warning:  #1-D: last line of file ends without a newline
compiling stm32f4_discovery.c...
compiling stm32f4xx_rcc.c...
compiling misc.c...
compiling stm32f4xx_gpio.c...
compiling stm32f4xx_syscfg.c...
compiling stm32f4xx_exti.c...
compiling stm32f4xx_tim.c...
compiling stm32f4xx_adc.c...
compiling stm32f4xx_dma.c...
compiling enc_1.c...
compiling enc_1_it.c...
compiling enc_2.c...
compiling enc_2_it.c...
compiling paper_feed.c...
compiling paper_feed_it.c...
compiling sensor.c...
Project build/rebuild aborted.
Target not created
Rebuild Project 'scanner' - Target 'STM32F4 flash'
assembling startup_stm32f4xx.s...
compiling system_stm32f4xx.c...
compiling stm32f4xx_it.c...
compiling main.c...
compiling common.c...
compiling stm32f4_discovery.c...
compiling stm32f4xx_rcc.c...
compiling misc.c...
compiling stm32f4xx_gpio.c...
compiling stm32f4xx_syscfg.c...
compiling stm32f4xx_exti.c...
compiling stm32f4xx_tim.c...
compiling stm32f4xx_adc.c...
compiling stm32f4xx_dma.c...
compiling enc_1.c...
compiling enc_1_it.c...
compiling enc_2.c...
compiling enc_2_it.c...
compiling paper_feed.c...
compiling paper_feed_it.c...
compiling sensor.c...
compiling sensor_header.c...
compiling sensor_header_it.c...
compiling sensor_it.c...
linking...
Program Size: Code=2108 RO-data=464 RW-data=48 ZI-data=1632  
"..\..\..\Temp\Out\scanner.axf" - 0 Error(s), 0 Warning(s).
Load "..\\..\\..\\Temp\\Out\\scanner.axf" 
Erase Done.
Programming Done.
Verify OK.
Rebuild Project 'scanner' - Target 'STM32F4 flash'
assembling startup_stm32f4xx.s...
compiling system_stm32f4xx.c...
compiling stm32f4xx_it.c...
compiling main.c...
compiling common.c...
compiling stm32f4_discovery.c...
compiling stm32f4xx_rcc.c...
compiling misc.c...
compiling stm32f4xx_gpio.c...
compiling stm32f4xx_syscfg.c...
compiling stm32f4xx_exti.c...
compiling stm32f4xx_tim.c...
compiling stm32f4xx_adc.c...
compiling stm32f4xx_dma.c...
compiling enc_1.c...
compiling enc_1_it.c...
compiling enc_2.c...
compiling enc_2_it.c...
compiling paper_feed.c...
compiling paper_feed_it.c...
compiling sensor.c...
compiling sensor_header.c...
compiling sensor_header_it.c...
compiling sensor_it.c...
linking...
Program Size: Code=2108 RO-data=464 RW-data=48 ZI-data=1632  
"..\..\..\Temp\Out\scanner.axf" - 0 Error(s), 0 Warning(s).
Load "..\\..\\..\\Temp\\Out\\scanner.axf" 
Erase Done.
Programming Done.
Verify OK.
Rebuild Project 'scanner' - Target 'STM32F4 flash'
assembling startup_stm32f4xx.s...
compiling system_stm32f4xx.c...
compiling stm32f4xx_it.c...
compiling main.c...
compiling common.c...
compiling stm32f4_discovery.c...
compiling stm32f4xx_rcc.c...
compiling misc.c...
compiling stm32f4xx_gpio.c...
compiling stm32f4xx_syscfg.c...
compiling stm32f4xx_exti.c...
compiling stm32f4xx_tim.c...
compiling stm32f4xx_adc.c...
compiling stm32f4xx_dma.c...
compiling enc_1.c...
compiling enc_1_it.c...
compiling enc_2.c...
compiling enc_2_it.c...
compiling paper_feed.c...
compiling paper_feed_it.c...
compiling sensor.c...
compiling sensor_header.c...
compiling sensor_header_it.c...
compiling sensor_it.c...
linking...
Program Size: Code=2108 RO-data=464 RW-data=48 ZI-data=1632  
"..\..\..\Temp\Out\scanner.axf" - 0 Error(s), 0 Warning(s).
Load "..\\..\\..\\Temp\\Out\\scanner.axf" 
Erase Done.
Programming Done.
Verify OK.
Rebuild Project 'scanner' - Target 'STM32F4 flash'
assembling startup_stm32f4xx.s...
compiling system_stm32f4xx.c...
compiling stm32f4xx_it.c...
compiling main.c...
compiling common.c...
compiling stm32f4_discovery.c...
compiling stm32f4xx_rcc.c...
compiling misc.c...
compiling stm32f4xx_gpio.c...
compiling stm32f4xx_syscfg.c...
compiling stm32f4xx_exti.c...
compiling stm32f4xx_tim.c...
compiling stm32f4xx_adc.c...
compiling stm32f4xx_dma.c...
compiling enc_1.c...
compiling enc_1_it.c...
compiling enc_2.c...
compiling enc_2_it.c...
compiling paper_feed.c...
compiling paper_feed_it.c...
compiling sensor.c...
compiling sensor_header.c...
compiling sensor_header_it.c...
compiling sensor_it.c...
linking...
Program Size: Code=2104 RO-data=464 RW-data=48 ZI-data=1632  
"..\..\..\Temp\Out\scanner.axf" - 0 Error(s), 0 Warning(s).
Load "..\\..\\..\\Temp\\Out\\scanner.axf" 
Erase Done.
Programming Done.
Verify OK.
Rebuild Project 'scanner' - Target 'STM32F4 flash'
assembling startup_stm32f4xx.s...
compiling system_stm32f4xx.c...
compiling stm32f4xx_it.c...
compiling main.c...
compiling common.c...
compiling stm32f4_discovery.c...
compiling stm32f4xx_rcc.c...
compiling misc.c...
compiling stm32f4xx_gpio.c...
compiling stm32f4xx_syscfg.c...
compiling stm32f4xx_exti.c...
compiling stm32f4xx_tim.c...
compiling stm32f4xx_adc.c...
compiling stm32f4xx_dma.c...
compiling enc_1.c...
compiling enc_1_it.c...
compiling enc_2.c...
compiling enc_2_it.c...
compiling paper_feed.c...
compiling paper_feed_it.c...
compiling sensor.c...
compiling sensor_header.c...
compiling sensor_header_it.c...
compiling sensor_it.c...
linking...
Program Size: Code=2096 RO-data=464 RW-data=48 ZI-data=1632  
"..\..\..\Temp\Out\scanner.axf" - 0 Error(s), 0 Warning(s).
Load "..\\..\\..\\Temp\\Out\\scanner.axf" 
Erase Done.
Programming Done.
Verify OK.
Rebuild Project 'scanner' - Target 'STM32F4 flash'
assembling startup_stm32f4xx.s...
compiling system_stm32f4xx.c...
compiling stm32f4xx_it.c...
compiling main.c...
compiling common.c...
compiling stm32f4_discovery.c...
compiling stm32f4xx_rcc.c...
compiling misc.c...
compiling stm32f4xx_gpio.c...
compiling stm32f4xx_syscfg.c...
compiling stm32f4xx_exti.c...
compiling stm32f4xx_tim.c...
compiling stm32f4xx_adc.c...
compiling stm32f4xx_dma.c...
compiling enc_1.c...
compiling enc_1_it.c...
compiling enc_2.c...
compiling enc_2_it.c...
compiling paper_feed.c...
compiling paper_feed_it.c...
compiling sensor.c...
compiling sensor_header.c...
compiling sensor_header_it.c...
compiling sensor_it.c...
linking...
Program Size: Code=2108 RO-data=464 RW-data=40 ZI-data=1632  
"..\..\..\Temp\Out\scanner.axf" - 0 Error(s), 0 Warning(s).
Load "..\\..\\..\\Temp\\Out\\scanner.axf" 
Erase Done.
Programming Done.
Verify OK.
Build Project 'scanner' - Target 'STM32F4 flash'
compiling main.c...
compiling common.c...
compiling enc_1.c...
compiling enc_2.c...
E:\Workspaces\Google_Drive\Google Drive\Workshop\MTS\Modules\src\enc_2.c(9): error:  #20: identifier "uint32_t" is undefined
E:\Workspaces\Google_Drive\Google Drive\Workshop\MTS\Modules\src\enc_2.c(10): error:  #20: identifier "uint32_t" is undefined
E:\Workspaces\Google_Drive\Google Drive\Workshop\MTS\Modules\src\enc_2.c(11): error:  #20: identifier "uint32_t" is undefined
E:\Workspaces\Google_Drive\Google Drive\Workshop\MTS\Modules\src\enc_2.c(15): warning:  #223-D: function "ENC_2_TIM_Init" declared implicitly
E:\Workspaces\Google_Drive\Google Drive\Workshop\MTS\Modules\src\enc_2.c(20): warning:  #223-D: function "TIM_Cmd" declared implicitly
E:\Workspaces\Google_Drive\Google Drive\Workshop\MTS\Modules\src\enc_2.c(20): error:  #20: identifier "ENC_2_TIMER" is undefined
E:\Workspaces\Google_Drive\Google Drive\Workshop\MTS\Modules\src\enc_2.c(20): error:  #20: identifier "ENABLE" is undefined
E:\Workspaces\Google_Drive\Google Drive\Workshop\MTS\Modules\src\enc_2.c(24): warning:  #223-D: function "GPIO_ReadInputDataBit" declared implicitly
E:\Workspaces\Google_Drive\Google Drive\Workshop\MTS\Modules\src\enc_2.c(24): error:  #20: identifier "ENC_2_A_GPIO_PORT" is undefined
E:\Workspaces\Google_Drive\Google Drive\Workshop\MTS\Modules\src\enc_2.c(24): error:  #20: identifier "ENC_2_A_GPIO_PIN" is undefined
E:\Workspaces\Google_Drive\Google Drive\Workshop\MTS\Modules\src\enc_2.c(25): error:  #20: identifier "ENC_2_B_GPIO_PORT" is undefined
E:\Workspaces\Google_Drive\Google Drive\Workshop\MTS\Modules\src\enc_2.c(25): error:  #20: identifier "ENC_2_B_GPIO_PIN" is undefined
E:\Workspaces\Google_Drive\Google Drive\Workshop\MTS\Modules\src\enc_2.c(26): warning:  #223-D: function "ENC_1_COUNT" declared implicitly
E:\Workspaces\Google_Drive\Google Drive\Workshop\MTS\Modules\src\enc_2.c(36): error:  #20: identifier "GPIO_InitTypeDef" is undefined
E:\Workspaces\Google_Drive\Google Drive\Workshop\MTS\Modules\src\enc_2.c(39): warning:  #223-D: function "RCC_AHB1PeriphClockCmd" declared implicitly
E:\Workspaces\Google_Drive\Google Drive\Workshop\MTS\Modules\src\enc_2.c(39): error:  #20: identifier "ENC_2_A_GPIO_CLK" is undefined
E:\Workspaces\Google_Drive\Google Drive\Workshop\MTS\Modules\src\enc_2.c(39): error:  #20: identifier "ENABLE" is undefined
E:\Workspaces\Google_Drive\Google Drive\Workshop\MTS\Modules\src\enc_2.c(40): error:  #20: identifier "ENC_2_B_GPIO_CLK" is undefined
E:\Workspaces\Google_Drive\Google Drive\Workshop\MTS\Modules\src\enc_2.c(43): warning:  #223-D: function "GPIO_StructInit" declared implicitly
E:\Workspaces\Google_Drive\Google Drive\Workshop\MTS\Modules\src\enc_2.c(44): error:  #20: identifier "GPIO_Mode_AF" is undefined
E:\Workspaces\Google_Drive\Google Drive\Workshop\MTS\Modules\src\enc_2.c(45): error:  #20: identifier "GPIO_PuPd_UP" is undefined
E:\Workspaces\Google_Drive\Google Drive\Workshop\MTS\Modules\src\enc_2.c(47): error:  #20: identifier "ENC_2_A_GPIO_PIN" is undefined
E:\Workspaces\Google_Drive\Google Drive\Workshop\MTS\Modules\src\enc_2.c(48): warning:  #223-D: function "GPIO_Init" declared implicitly
E:\Workspaces\Google_Drive\Google Drive\Workshop\MTS\Modules\src\enc_2.c(48): error:  #20: identifier "ENC_2_A_GPIO_PORT" is undefined
E:\Workspaces\Google_Drive\Google Drive\Workshop\MTS\Modules\src\enc_2.c(50): error:  #20: identifier "ENC_2_B_GPIO_PIN" is undefined
E:\Workspaces\Google_Drive\Google Drive\Workshop\MTS\Modules\src\enc_2.c(51): error:  #20: identifier "ENC_2_B_GPIO_PORT" is undefined
E:\Workspaces\Google_Drive\Google Drive\Workshop\MTS\Modules\src\enc_2.c(54): warning:  #223-D: function "GPIO_PinAFConfig" declared implicitly
E:\Workspaces\Google_Drive\Google Drive\Workshop\MTS\Modules\src\enc_2.c(54): error:  #20: identifier "ENC_2_A_GPIO_SOURCE" is undefined
E:\Workspaces\Google_Drive\Google Drive\Workshop\MTS\Modules\src\enc_2.c(54): error:  #20: identifier "ENC_2_A_GPIO_AF" is undefined
E:\Workspaces\Google_Drive\Google Drive\Workshop\MTS\Modules\src\enc_2.c(55): error:  #20: identifier "ENC_2_B_GPIO_SOURCE" is undefined
E:\Workspaces\Google_Drive\Google Drive\Workshop\MTS\Modules\src\enc_2.c(55): error:  #20: identifier "ENC_2_B_GPIO_AF" is undefined
E:\Workspaces\Google_Drive\Google Drive\Workshop\MTS\Modules\src\enc_2.c(64): error:  #159: declaration is incompatible with previous "ENC_2_TIM_Init" (declared at line 15)
E:\Workspaces\Google_Drive\Google Drive\Workshop\MTS\Modules\src\enc_2.c(66): error:  #20: identifier "NVIC_InitTypeDef" is undefined
E:\Workspaces\Google_Drive\Google Drive\Workshop\MTS\Modules\src\enc_2.c(69): warning:  #223-D: function "RCC_APB1PeriphClockCmd" declared implicitly
E:\Workspaces\Google_Drive\Google Drive\Workshop\MTS\Modules\src\enc_2.c(69): error:  #20: identifier "ENC_2_TIMER_CLK" is undefined
E:\Workspaces\Google_Drive\Google Drive\Workshop\MTS\Modules\src\enc_2.c(69): error:  #20: identifier "ENABLE" is undefined
E:\Workspaces\Google_Drive\Google Drive\Workshop\MTS\Modules\src\enc_2.c(75): warning:  #223-D: function "TIM_EncoderInterfaceConfig" declared implicitly
E:\Workspaces\Google_Drive\Google Drive\Workshop\MTS\Modules\src\enc_2.c(75): error:  #20: identifier "ENC_2_TIMER" is undefined
E:\Workspaces\Google_Drive\Google Drive\Workshop\MTS\Modules\src\enc_2.c(75): error:  #20: identifier "TIM_EncoderMode_TI12" is undefined
E:\Workspaces\Google_Drive\Google Drive\Workshop\MTS\Modules\src\enc_2.c(75): error:  #20: identifier "TIM_ICPolarity_Falling" is undefined
compiling paper_feed.c...
compiling sensor.c...
Target not created
Rebuild Project 'scanner' - Target 'STM32F4 flash'
assembling startup_stm32f4xx.s...
compiling system_stm32f4xx.c...
compiling stm32f4xx_it.c...
compiling main.c...
compiling common.c...
compiling stm32f4_discovery.c...
compiling stm32f4xx_rcc.c...
compiling misc.c...
compiling stm32f4xx_gpio.c...
compiling stm32f4xx_syscfg.c...
compiling stm32f4xx_exti.c...
compiling stm32f4xx_tim.c...
compiling stm32f4xx_adc.c...
compiling stm32f4xx_dma.c...
compiling enc_1.c...
compiling enc_1_it.c...
compiling enc_2.c...
E:\Workspaces\Google_Drive\Google Drive\Workshop\MTS\Modules\src\enc_2.c(15): warning:  #223-D: function "ENC_2_TIM_Init" declared implicitly
E:\Workspaces\Google_Drive\Google Drive\Workshop\MTS\Modules\src\enc_2.c(64): error:  #159: declaration is incompatible with previous "ENC_2_TIM_Init" (declared at line 15)
compiling enc_2_it.c...
compiling paper_feed.c...
compiling paper_feed_it.c...
compiling sensor.c...
compiling sensor_header.c...
compiling sensor_header_it.c...
compiling sensor_it.c...
Target not created
Rebuild Project 'scanner' - Target 'STM32F4 flash'
assembling startup_stm32f4xx.s...
compiling system_stm32f4xx.c...
compiling stm32f4xx_it.c...
compiling main.c...
compiling common.c...
compiling stm32f4_discovery.c...
compiling stm32f4xx_rcc.c...
compiling misc.c...
compiling stm32f4xx_gpio.c...
compiling stm32f4xx_syscfg.c...
compiling stm32f4xx_exti.c...
compiling stm32f4xx_tim.c...
compiling stm32f4xx_adc.c...
compiling stm32f4xx_dma.c...
compiling enc_1.c...
compiling enc_1_it.c...
compiling enc_2.c...
compiling enc_2_it.c...
compiling paper_feed.c...
compiling paper_feed_it.c...
compiling sensor.c...
compiling sensor_header.c...
compiling sensor_header_it.c...
compiling sensor_it.c...
linking...
Program Size: Code=2380 RO-data=464 RW-data=52 ZI-data=1636  
"..\..\..\Temp\Out\scanner.axf" - 0 Error(s), 0 Warning(s).
Load "..\\..\\..\\Temp\\Out\\scanner.axf" 
Erase Done.
Programming Done.
Verify OK.
Rebuild Project 'scanner' - Target 'STM32F4 flash'
assembling startup_stm32f4xx.s...
compiling system_stm32f4xx.c...
compiling stm32f4xx_it.c...
compiling main.c...
compiling common.c...
compiling stm32f4_discovery.c...
compiling stm32f4xx_rcc.c...
compiling misc.c...
compiling stm32f4xx_gpio.c...
compiling stm32f4xx_syscfg.c...
compiling stm32f4xx_exti.c...
compiling stm32f4xx_tim.c...
compiling stm32f4xx_adc.c...
compiling stm32f4xx_dma.c...
compiling enc_1.c...
compiling enc_1_it.c...
compiling enc_2.c...
compiling enc_2_it.c...
compiling paper_feed.c...
compiling paper_feed_it.c...
compiling sensor.c...
compiling sensor_header.c...
compiling sensor_header_it.c...
compiling sensor_it.c...
linking...
Program Size: Code=2984 RO-data=464 RW-data=76 ZI-data=1636  
"..\..\..\Temp\Out\scanner.axf" - 0 Error(s), 0 Warning(s).
Load "..\\..\\..\\Temp\\Out\\scanner.axf" 
Erase Done.
Programming Done.
Verify OK.
Rebuild Project 'scanner' - Target 'STM32F4 flash'
assembling startup_stm32f4xx.s...
compiling system_stm32f4xx.c...
compiling stm32f4xx_it.c...
compiling main.c...
compiling common.c...
compiling stm32f4_discovery.c...
compiling stm32f4xx_rcc.c...
compiling misc.c...
compiling stm32f4xx_gpio.c...
compiling stm32f4xx_syscfg.c...
compiling stm32f4xx_exti.c...
compiling stm32f4xx_tim.c...
compiling stm32f4xx_adc.c...
compiling stm32f4xx_dma.c...
compiling enc_1.c...
compiling enc_1_it.c...
compiling enc_2.c...
compiling enc_2_it.c...
compiling paper_feed.c...
compiling paper_feed_it.c...
compiling sensor.c...
compiling sensor_header.c...
compiling sensor_header_it.c...
compiling sensor_it.c...
linking...
Program Size: Code=2984 RO-data=464 RW-data=76 ZI-data=1636  
"..\..\..\Temp\Out\scanner.axf" - 0 Error(s), 0 Warning(s).
Load "..\\..\\..\\Temp\\Out\\scanner.axf" 
Erase Done.
Programming Done.
Verify OK.
Rebuild Project 'scanner' - Target 'STM32F4 flash'
assembling startup_stm32f4xx.s...
compiling system_stm32f4xx.c...
compiling stm32f4xx_it.c...
compiling main.c...
E:\Workspaces\Google_Drive\Google Drive\Workshop\MTS\Project\scanner\main.c(21): error:  #5: cannot open source input file "paper_feed.h": No such file or directory
compiling common.c...
compiling stm32f4_discovery.c...
compiling stm32f4xx_rcc.c...
compiling misc.c...
compiling stm32f4xx_gpio.c...
compiling stm32f4xx_syscfg.c...
compiling stm32f4xx_exti.c...
compiling stm32f4xx_tim.c...
compiling stm32f4xx_adc.c...
compiling stm32f4xx_dma.c...
compiling enc_1.c...
compiling enc_1_it.c...
compiling enc_2.c...
compiling enc_2_it.c...
compiling sensor.c...
compiling sensor_header.c...
compiling sensor_header_it.c...
compiling sensor_it.c...
compiling paper_feeder.c...
compiling paper_feeder_it.c...
Target not created
Rebuild Project 'scanner' - Target 'STM32F4 flash'
assembling startup_stm32f4xx.s...
compiling system_stm32f4xx.c...
compiling stm32f4xx_it.c...
compiling main.c...
compiling common.c...
compiling stm32f4_discovery.c...
compiling stm32f4xx_rcc.c...
compiling misc.c...
compiling stm32f4xx_gpio.c...
compiling stm32f4xx_syscfg.c...
compiling stm32f4xx_exti.c...
compiling stm32f4xx_tim.c...
compiling stm32f4xx_adc.c...
compiling stm32f4xx_dma.c...
compiling enc_1.c...
compiling enc_1_it.c...
compiling enc_2.c...
compiling enc_2_it.c...
compiling sensor.c...
compiling sensor_header.c...
compiling sensor_header_it.c...
compiling sensor_it.c...
compiling paper_feeder.c...
compiling paper_feeder_it.c...
linking...
Program Size: Code=2916 RO-data=464 RW-data=76 ZI-data=1636  
"..\..\..\Temp\Out\scanner.axf" - 0 Error(s), 0 Warning(s).
Load "..\\..\\..\\Temp\\Out\\scanner.axf" 
Erase Done.
Programming Done.
Verify OK.
Rebuild Project 'scanner' - Target 'STM32F4 flash'
assembling startup_stm32f4xx.s...
compiling system_stm32f4xx.c...
compiling stm32f4xx_it.c...
compiling main.c...
E:\Workspaces\Google_Drive\Google Drive\Workshop\MTS\Project\scanner\main.c(62): warning:  #223-D: function "SENSOR_HEADER_Init" declared implicitly
E:\Workspaces\Google_Drive\Google Drive\Workshop\MTS\Project\scanner\main.c(63): warning:  #223-D: function "SENSOR_HEADER_Start" declared implicitly
compiling common.c...
compiling stm32f4_discovery.c...
compiling stm32f4xx_rcc.c...
compiling misc.c...
compiling stm32f4xx_gpio.c...
compiling stm32f4xx_syscfg.c...
compiling stm32f4xx_exti.c...
compiling stm32f4xx_tim.c...
compiling stm32f4xx_adc.c...
compiling stm32f4xx_dma.c...
compiling enc_1.c...
compiling enc_1_it.c...
compiling enc_2.c...
compiling enc_2_it.c...
compiling sensor.c...
compiling sensor_header.c...
compiling sensor_header_it.c...
compiling sensor_it.c...
compiling paper_feeder.c...
compiling paper_feeder_it.c...
linking...
..\..\..\Temp\Out\scanner.axf: Error: L6200E: Symbol CCR_Val multiply defined (by paper_feeder.o and sensor_header.o).
..\..\..\Temp\Out\scanner.axf: Error: L6200E: Symbol PrescalerValue multiply defined (by paper_feeder.o and sensor_header.o).
Target not created
Rebuild Project 'scanner' - Target 'STM32F4 flash'
assembling startup_stm32f4xx.s...
compiling system_stm32f4xx.c...
compiling stm32f4xx_it.c...
compiling main.c...
compiling common.c...
compiling stm32f4_discovery.c...
compiling stm32f4xx_rcc.c...
compiling misc.c...
compiling stm32f4xx_gpio.c...
compiling stm32f4xx_syscfg.c...
compiling stm32f4xx_exti.c...
compiling stm32f4xx_tim.c...
compiling stm32f4xx_adc.c...
compiling stm32f4xx_dma.c...
compiling enc_1.c...
compiling enc_1_it.c...
compiling enc_2.c...
compiling enc_2_it.c...
compiling sensor.c...
compiling sensor_header.c...
compiling sensor_header_it.c...
compiling sensor_it.c...
compiling paper_feeder.c...
compiling paper_feeder_it.c...
linking...
..\..\..\Temp\Out\scanner.axf: Error: L6200E: Symbol CCR_Val multiply defined (by paper_feeder.o and sensor_header.o).
..\..\..\Temp\Out\scanner.axf: Error: L6200E: Symbol PrescalerValue multiply defined (by paper_feeder.o and sensor_header.o).
Target not created
Rebuild Project 'scanner' - Target 'STM32F4 flash'
assembling startup_stm32f4xx.s...
compiling system_stm32f4xx.c...
compiling stm32f4xx_it.c...
compiling main.c...
compiling common.c...
compiling stm32f4_discovery.c...
compiling stm32f4xx_rcc.c...
compiling misc.c...
compiling stm32f4xx_gpio.c...
compiling stm32f4xx_syscfg.c...
compiling stm32f4xx_exti.c...
compiling stm32f4xx_tim.c...
compiling stm32f4xx_adc.c...
compiling stm32f4xx_dma.c...
compiling enc_1.c...
compiling enc_1_it.c...
compiling enc_2.c...
compiling enc_2_it.c...
compiling sensor.c...
compiling sensor_header.c...
compiling sensor_header_it.c...
compiling sensor_it.c...
compiling paper_feeder.c...
compiling paper_feeder_it.c...
linking...
Program Size: Code=3160 RO-data=464 RW-data=72 ZI-data=1632  
"..\..\..\Temp\Out\scanner.axf" - 0 Error(s), 0 Warning(s).
Load "..\\..\\..\\Temp\\Out\\scanner.axf" 
Erase Done.
Programming Done.
Verify OK.
Rebuild Project 'scanner' - Target 'STM32F4 flash'
assembling startup_stm32f4xx.s...
compiling system_stm32f4xx.c...
compiling stm32f4xx_it.c...
compiling main.c...
compiling common.c...
compiling stm32f4_discovery.c...
compiling stm32f4xx_rcc.c...
compiling misc.c...
compiling stm32f4xx_gpio.c...
compiling stm32f4xx_syscfg.c...
compiling stm32f4xx_exti.c...
compiling stm32f4xx_tim.c...
compiling stm32f4xx_adc.c...
compiling stm32f4xx_dma.c...
compiling enc_1.c...
compiling enc_1_it.c...
compiling enc_2.c...
compiling enc_2_it.c...
compiling sensor.c...
compiling sensor_header.c...
compiling sensor_header_it.c...
compiling sensor_it.c...
compiling paper_feeder.c...
compiling paper_feeder_it.c...
linking...
Program Size: Code=3504 RO-data=464 RW-data=72 ZI-data=1632  
"..\..\..\Temp\Out\scanner.axf" - 0 Error(s), 0 Warning(s).
Load "..\\..\\..\\Temp\\Out\\scanner.axf" 
Erase Done.
Programming Done.
Verify OK.
Build Project 'scanner' - Target 'STM32F4 flash'
compiling system_stm32f4xx.c...
compiling main.c...
E:\Workspaces\Google_Drive\Google Drive\Workshop\MTS\Project\scanner\main.c(44): warning:  #223-D: function "USER_BUTTON_Start" declared implicitly
compiling common.c...
compiling stm32f4_discovery.c...
compiling stm32f4xx_rcc.c...
compiling misc.c...
compiling stm32f4xx_gpio.c...
compiling stm32f4xx_syscfg.c...
compiling stm32f4xx_exti.c...
compiling stm32f4xx_tim.c...
compiling stm32f4xx_adc.c...
compiling stm32f4xx_dma.c...
compiling enc_1.c...
compiling enc_1_it.c...
compiling enc_2.c...
compiling sensor.c...
compiling sensor_header.c...
compiling paper_feeder.c...
compiling user_button.c...
compiling user_button_it.c...
linking...
Program Size: Code=4316 RO-data=464 RW-data=76 ZI-data=1636  
"..\..\..\Temp\Out\scanner.axf" - 0 Error(s), 1 Warning(s).
Rebuild Project 'scanner' - Target 'STM32F4 flash'
assembling startup_stm32f4xx.s...
compiling system_stm32f4xx.c...
compiling stm32f4xx_it.c...
compiling main.c...
E:\Workspaces\Google_Drive\Google Drive\Workshop\MTS\Project\scanner\main.c(45): warning:  #223-D: function "USER_BUTTON_Start" declared implicitly
compiling common.c...
compiling stm32f4_discovery.c...
compiling stm32f4xx_rcc.c...
compiling misc.c...
compiling stm32f4xx_gpio.c...
compiling stm32f4xx_syscfg.c...
compiling stm32f4xx_exti.c...
compiling stm32f4xx_tim.c...
compiling stm32f4xx_adc.c...
compiling stm32f4xx_dma.c...
compiling enc_1.c...
compiling enc_1_it.c...
compiling enc_2.c...
compiling enc_2_it.c...
compiling sensor.c...
compiling sensor_header.c...
compiling sensor_header_it.c...
compiling sensor_it.c...
compiling paper_feeder.c...
compiling paper_feeder_it.c...
compiling buttons.c...
compiling buttons_it.c...
linking...
..\..\..\Temp\Out\scanner.axf: Error: L6218E: Undefined symbol USER_BUTTON_Start (referred from main.o).
Target not created
Rebuild Project 'scanner' - Target 'STM32F4 flash'
assembling startup_stm32f4xx.s...
compiling system_stm32f4xx.c...
compiling stm32f4xx_it.c...
compiling main.c...
compiling common.c...
compiling stm32f4_discovery.c...
compiling stm32f4xx_rcc.c...
compiling misc.c...
compiling stm32f4xx_gpio.c...
compiling stm32f4xx_syscfg.c...
compiling stm32f4xx_exti.c...
compiling stm32f4xx_tim.c...
compiling stm32f4xx_adc.c...
compiling stm32f4xx_dma.c...
compiling enc_1.c...
compiling enc_1_it.c...
compiling enc_2.c...
compiling enc_2_it.c...
compiling sensor.c...
compiling sensor_header.c...
compiling sensor_header_it.c...
compiling sensor_it.c...
compiling paper_feeder.c...
compiling paper_feeder_it.c...
compiling buttons.c...
compiling buttons_it.c...
linking...
Program Size: Code=4316 RO-data=464 RW-data=76 ZI-data=1636  
"..\..\..\Temp\Out\scanner.axf" - 0 Error(s), 0 Warning(s).
Rebuild Project 'scanner' - Target 'STM32F4 flash'
assembling startup_stm32f4xx.s...
compiling system_stm32f4xx.c...
compiling stm32f4xx_it.c...
compiling main.c...
compiling common.c...
compiling stm32f4_discovery.c...
compiling stm32f4xx_rcc.c...
compiling misc.c...
compiling stm32f4xx_gpio.c...
compiling stm32f4xx_syscfg.c...
compiling stm32f4xx_exti.c...
compiling stm32f4xx_tim.c...
compiling stm32f4xx_adc.c...
compiling stm32f4xx_dma.c...
compiling enc_1.c...
compiling enc_1_it.c...
compiling enc_2.c...
compiling enc_2_it.c...
compiling sensor.c...
compiling sensor_header.c...
compiling sensor_header_it.c...
compiling sensor_it.c...
compiling paper_feeder.c...
compiling paper_feeder_it.c...
compiling buttons.c...
compiling buttons_it.c...
linking...
..\..\..\Temp\Out\scanner.axf: Error: L6200E: Symbol NMI_Handler multiply defined (by enc_1_it.o and stm32f4xx_it.o).
..\..\..\Temp\Out\scanner.axf: Error: L6200E: Symbol HardFault_Handler multiply defined (by enc_1_it.o and stm32f4xx_it.o).
..\..\..\Temp\Out\scanner.axf: Error: L6200E: Symbol MemManage_Handler multiply defined (by enc_1_it.o and stm32f4xx_it.o).
..\..\..\Temp\Out\scanner.axf: Error: L6200E: Symbol BusFault_Handler multiply defined (by enc_1_it.o and stm32f4xx_it.o).
..\..\..\Temp\Out\scanner.axf: Error: L6200E: Symbol UsageFault_Handler multiply defined (by enc_1_it.o and stm32f4xx_it.o).
..\..\..\Temp\Out\scanner.axf: Error: L6200E: Symbol SVC_Handler multiply defined (by enc_1_it.o and stm32f4xx_it.o).
..\..\..\Temp\Out\scanner.axf: Error: L6200E: Symbol DebugMon_Handler multiply defined (by enc_1_it.o and stm32f4xx_it.o).
..\..\..\Temp\Out\scanner.axf: Error: L6200E: Symbol PendSV_Handler multiply defined (by enc_1_it.o and stm32f4xx_it.o).
..\..\..\Temp\Out\scanner.axf: Error: L6200E: Symbol SysTick_Handler multiply defined (by enc_1_it.o and stm32f4xx_it.o).
..\..\..\Temp\Out\scanner.axf: Error: L6200E: Symbol EXTI0_IRQHandler multiply defined (by enc_1_it.o and stm32f4xx_it.o).
Target not created
Rebuild Project 'scanner' - Target 'STM32F4 flash'
assembling startup_stm32f4xx.s...
compiling system_stm32f4xx.c...
compiling stm32f4xx_it.c...
compiling main.c...
compiling common.c...
compiling stm32f4_discovery.c...
compiling stm32f4xx_rcc.c...
compiling misc.c...
compiling stm32f4xx_gpio.c...
compiling stm32f4xx_syscfg.c...
compiling stm32f4xx_exti.c...
compiling stm32f4xx_tim.c...
compiling stm32f4xx_adc.c...
compiling stm32f4xx_dma.c...
compiling enc_1.c...
compiling enc_1_it.c...
compiling enc_2.c...
compiling enc_2_it.c...
compiling sensor.c...
compiling sensor_header.c...
compiling sensor_header_it.c...
compiling sensor_it.c...
compiling paper_feeder.c...
compiling paper_feeder_it.c...
compiling buttons.c...
compiling buttons_it.c...
linking...
Program Size: Code=4272 RO-data=464 RW-data=76 ZI-data=1636  
"..\..\..\Temp\Out\scanner.axf" - 0 Error(s), 0 Warning(s).
Load "..\\..\\..\\Temp\\Out\\scanner.axf" 
Load "..\\..\\..\\Temp\\Out\\scanner.axf" 
Erase Done.
Programming Done.
Verify OK.
Rebuild Project 'scanner' - Target 'STM32F4 flash'
assembling startup_stm32f4xx.s...
compiling system_stm32f4xx.c...
compiling stm32f4xx_it.c...
compiling main.c...
compiling common.c...
compiling stm32f4_discovery.c...
compiling stm32f4xx_rcc.c...
compiling misc.c...
compiling stm32f4xx_gpio.c...
compiling stm32f4xx_syscfg.c...
compiling stm32f4xx_exti.c...
compiling stm32f4xx_tim.c...
compiling stm32f4xx_adc.c...
compiling stm32f4xx_dma.c...
compiling enc_1.c...
compiling enc_1_it.c...
compiling enc_2.c...
compiling enc_2_it.c...
compiling sensor.c...
compiling sensor_header.c...
compiling sensor_header_it.c...
compiling sensor_it.c...
compiling paper_feeder.c...
E:\Workspaces\Google_Drive\Google Drive\Workshop\MTS\Modules\inc\paper_feeder.h(5): error:  #20: identifier "int16_t" is undefined
E:\Workspaces\Google_Drive\Google Drive\Workshop\MTS\Modules\src\paper_feeder.c(105): warning:  #1-D: last line of file ends without a newline
compiling paper_feeder_it.c...
compiling buttons.c...
compiling buttons_it.c...
Target not created
Rebuild Project 'scanner' - Target 'STM32F4 flash'
assembling startup_stm32f4xx.s...
compiling system_stm32f4xx.c...
compiling stm32f4xx_it.c...
compiling main.c...
compiling common.c...
compiling stm32f4_discovery.c...
compiling stm32f4xx_rcc.c...
compiling misc.c...
compiling stm32f4xx_gpio.c...
compiling stm32f4xx_syscfg.c...
compiling stm32f4xx_exti.c...
compiling stm32f4xx_tim.c...
compiling stm32f4xx_adc.c...
compiling stm32f4xx_dma.c...
compiling enc_1.c...
compiling enc_1_it.c...
compiling enc_2.c...
compiling enc_2_it.c...
compiling sensor.c...
compiling sensor_header.c...
compiling sensor_header_it.c...
compiling sensor_it.c...
compiling paper_feeder.c...
E:\Workspaces\Google_Drive\Google Drive\Workshop\MTS\Modules\src\paper_feeder.c(105): warning:  #1-D: last line of file ends without a newline
compiling paper_feeder_it.c...
compiling buttons.c...
compiling buttons_it.c...
linking...
Program Size: Code=4288 RO-data=464 RW-data=76 ZI-data=1636  
"..\..\..\Temp\Out\scanner.axf" - 0 Error(s), 1 Warning(s).
Load "..\\..\\..\\Temp\\Out\\scanner.axf" 
Erase Done.
Programming Done.
Verify OK.
Rebuild Project 'scanner' - Target 'STM32F4 flash'
assembling startup_stm32f4xx.s...
compiling system_stm32f4xx.c...
compiling stm32f4xx_it.c...
compiling main.c...
compiling common.c...
compiling stm32f4_discovery.c...
compiling stm32f4xx_rcc.c...
compiling misc.c...
compiling stm32f4xx_gpio.c...
compiling stm32f4xx_syscfg.c...
compiling stm32f4xx_exti.c...
compiling stm32f4xx_tim.c...
compiling stm32f4xx_adc.c...
compiling stm32f4xx_dma.c...
compiling enc_1.c...
compiling enc_2.c...
compiling sensor.c...
compiling sensor_header.c...
compiling paper_feeder.c...
compiling buttons.c...
linking...
Program Size: Code=2596 RO-data=464 RW-data=48 ZI-data=1632  
"..\..\..\Temp\Out\scanner.axf" - 0 Error(s), 0 Warning(s).
Load "..\\..\\..\\Temp\\Out\\scanner.axf" 
Erase Done.
Programming Done.
Verify OK.
Rebuild Project 'scanner' - Target 'STM32F4 flash'
assembling startup_stm32f4xx.s...
compiling system_stm32f4xx.c...
compiling stm32f4xx_it.c...
compiling main.c...
compiling common.c...
compiling stm32f4_discovery.c...
compiling stm32f4xx_rcc.c...
compiling misc.c...
compiling stm32f4xx_gpio.c...
compiling stm32f4xx_syscfg.c...
compiling stm32f4xx_exti.c...
compiling stm32f4xx_tim.c...
compiling stm32f4xx_adc.c...
compiling stm32f4xx_dma.c...
compiling enc_1.c...
compiling enc_2.c...
compiling sensor.c...
compiling sensor_header.c...
compiling paper_feeder.c...
compiling buttons.c...
linking...
Program Size: Code=2676 RO-data=464 RW-data=60 ZI-data=1636  
"..\..\..\Temp\Out\scanner.axf" - 0 Error(s), 0 Warning(s).
Load "..\\..\\..\\Temp\\Out\\scanner.axf" 
Erase Done.
Programming Done.
Verify OK.
Rebuild Project 'scanner' - Target 'STM32F4 flash'
assembling startup_stm32f4xx.s...
compiling system_stm32f4xx.c...
compiling stm32f4xx_it.c...
compiling main.c...
compiling common.c...
compiling stm32f4_discovery.c...
compiling stm32f4xx_rcc.c...
compiling misc.c...
compiling stm32f4xx_gpio.c...
compiling stm32f4xx_syscfg.c...
compiling stm32f4xx_exti.c...
compiling stm32f4xx_tim.c...
compiling stm32f4xx_adc.c...
compiling stm32f4xx_dma.c...
compiling enc_1.c...
compiling enc_2.c...
compiling sensor.c...
compiling sensor_header.c...
compiling paper_feeder.c...
compiling buttons.c...
linking...
Program Size: Code=2676 RO-data=464 RW-data=60 ZI-data=1636  
"..\..\..\Temp\Out\scanner.axf" - 0 Error(s), 0 Warning(s).
Load "..\\..\\..\\Temp\\Out\\scanner.axf" 
Erase Done.
Programming Done.
Verify OK.
