<html>
<body>
<pre>
<h1>µVision Build Log</h1>
<h2>Project:</h2>
E:\Workspaces\Google_Drive\Google Drive\Workshop\MTS\Apps\scanner\scanner.uvproj
Project File Date:  06/13/2013

<h2>Output:</h2>
Rebuild target 'STM32F4 flash'
compiling Blinky.c...
compiling LED.c...
assembling startup_stm32f4xx.s...
compiling system_stm32f4xx.c...
linking...
Program Size: Code=1412 RO-data=440 RW-data=28 ZI-data=1636  
"..\..\out\scanner.axf" - 0 Error(s), 0 Warning(s).
Load "..\\..\\out\\scanner.axf" 
Erase Done.
Programming Done.
Verify OK.
